2025-05-21 11:02:58.909 [info] Experiment 'pythonRecommendTensorboardExt' is active
2025-05-21 11:02:58.909 [info] Experiment 'pythonTerminalEnvVarActivation' is active
2025-05-21 11:02:58.913 [info] Native locator: Refresh started
2025-05-21 11:02:58.928 [error] Python discovery not supported in untrusted workspace
2025-05-21 11:02:58.928 [info] Native locator: Refresh finished in 15 ms
2025-05-21 11:02:58.995 [info] > pyenv which python
2025-05-21 11:02:58.995 [info] cwd: .
2025-05-21 11:02:59.005 [info] > python -c "import sys;print(sys.executable)"
2025-05-21 11:02:59.017 [error] Python discovery not supported in untrusted workspace
2025-05-21 11:02:59.017 [error] Invalid environment [native]: {}
2025-05-21 11:02:59.802 [info] Experiment 'pythonRecommendTensorboardExt' is active
2025-05-21 11:02:59.802 [info] Experiment 'pythonTerminalEnvVarActivation' is active
2025-05-21 11:02:59.802 [info] Native locator: Refresh started
2025-05-21 11:02:59.899 [info] Native locator: Refresh started
2025-05-21 11:02:59.956 [info] > pyenv which python
2025-05-21 11:02:59.956 [info] cwd: .
2025-05-21 11:03:00.412 [info] Native locator: Refresh finished in 637 ms
2025-05-21 11:03:00.480 [info] Python interpreter path: ./venv/bin/python
2025-05-21 11:03:00.608 [info] Shell integration status changed, can confirm it's working.
2025-05-21 11:03:00.613 [info] > . ./venv/bin/activate && echo 'e8b39361-0157-4923-80e1-22d70d46dee6' && python ~/.vscode/extensions/ms-python.python-2025.6.1-linux-x64/python_files/printEnvVariables.py
2025-05-21 11:03:00.613 [info] shell: zsh
2025-05-21 11:03:00.636 [info] > /bin/python ~/.vscode/extensions/ms-python.python-2025.6.1-linux-x64/python_files/printEnvVariables.py
2025-05-21 11:03:00.636 [info] shell: zsh
2025-05-21 11:03:00.661 [info] Prepending environment variable PATH in collection with /root/.vscode/extensions/ms-python.python-2025.6.1-linux-x64/python_files/deactivate/zsh:/root/Desktop/Environments/App/venv/bin: {"applyAtShellIntegration":true,"applyAtProcessCreation":true}
2025-05-21 11:03:00.661 [info] Setting environment variable VIRTUAL_ENV in collection to /root/Desktop/Environments/App/venv {"applyAtShellIntegration":true,"applyAtProcessCreation":true}
2025-05-21 11:03:00.661 [info] Prepending environment variable PS1 in collection with (venv)  {"applyAtShellIntegration":true,"applyAtProcessCreation":false}
2025-05-21 11:03:00.661 [info] Setting environment variable VIRTUAL_ENV_PROMPT in collection to (venv)  {"applyAtShellIntegration":true,"applyAtProcessCreation":true}
2025-05-21 11:03:00.662 [info] Send text to terminal: /bin/python /root/.vscode/extensions/ms-python.python-2025.6.1-linux-x64/python_files/printEnvVariablesToFile.py /root/.vscode/extensions/ms-python.python-2025.6.1-linux-x64/python_files/deactivate/zsh/envVars.txt
2025-05-21 11:03:01.434 [info] > . ./venv/bin/activate && echo 'e8b39361-0157-4923-80e1-22d70d46dee6' && python ~/.vscode/extensions/ms-python.python-2025.6.1-linux-x64/python_files/printEnvVariables.py
2025-05-21 11:03:01.434 [info] shell: zsh
2025-05-21 11:03:01.452 [info] Prepending environment variable PATH in collection with /root/.vscode/extensions/ms-python.python-2025.6.1-linux-x64/python_files/deactivate/zsh:/root/Desktop/Environments/App/venv/bin: {"applyAtShellIntegration":true,"applyAtProcessCreation":true}
2025-05-21 11:03:01.452 [info] Setting environment variable VIRTUAL_ENV in collection to /root/Desktop/Environments/App/venv {"applyAtShellIntegration":true,"applyAtProcessCreation":true}
2025-05-21 11:03:01.452 [info] Prepending environment variable PS1 in collection with (venv)  {"applyAtShellIntegration":true,"applyAtProcessCreation":false}
2025-05-21 11:03:01.452 [info] Setting environment variable VIRTUAL_ENV_PROMPT in collection to (venv)  {"applyAtShellIntegration":true,"applyAtProcessCreation":true}
2025-05-21 11:03:01.649 [info] Starting Pylance language server.
2025-05-21 11:03:03.129 [info] Starting Pylance language server.
2025-05-21 11:03:25.124 [info] Discover tests for workspace name: App - uri: /root/Desktop/Environments/App/App/screenTime.py
2025-05-21 11:03:25.520 [info] Discover tests for workspace name: App - uri: /root/Desktop/Environments/App/App/screenTime.py
2025-05-21 11:03:26.142 [info] Discover tests for workspace name: App - uri: /root/Desktop/Environments/App/App/screenTime.py
2025-05-21 11:03:26.656 [info] Discover tests for workspace name: App - uri: /root/Desktop/Environments/App/App/screenTime.py
2025-05-21 11:03:26.982 [info] Discover tests for workspace name: App - uri: /root/Desktop/Environments/App/App/screenTime.py
2025-05-21 11:03:27.250 [info] Discover tests for workspace name: App - uri: /root/Desktop/Environments/App/App/screenTime.py
2025-05-21 11:03:27.567 [info] Discover tests for workspace name: App - uri: /root/Desktop/Environments/App/App/screenTime.py
2025-05-21 11:03:28.098 [info] Discover tests for workspace name: App - uri: /root/Desktop/Environments/App/App/screenTime.py
2025-05-21 11:03:28.364 [info] Discover tests for workspace name: App - uri: /root/Desktop/Environments/App/App/screenTime.py
2025-05-21 11:08:45.317 [info] Discover tests for workspace name: App - uri: /root/Desktop/Environments/App/App/screenTime.py
2025-05-21 11:49:49.901 [info] Discover tests for workspace name: App - uri: /root/Desktop/Environments/App/App/Python-Gaze-Face-Tracker/main.py
2025-05-21 11:50:36.510 [info] Discover tests for workspace name: App - uri: /root/Desktop/Environments/App/App/Python-Gaze-Face-Tracker/main.py
2025-05-21 11:51:36.199 [info] Discover tests for workspace name: App - uri: /root/Desktop/Environments/App/App/Python-Gaze-Face-Tracker/main.py
2025-05-21 11:53:48.148 [info] Discover tests for workspace name: App - uri: /root/Desktop/Environments/App/App/Python-Gaze-Face-Tracker/main.py
2025-05-21 11:56:51.392 [info] Discover tests for workspace name: undefined - uri: /root/Desktop/Environments/App/App/~/.vscode-root/User/settings.json
2025-05-21 11:56:53.166 [info] Discover tests for workspace name: undefined - uri: /root/Desktop/Environments/App/App/~/.vscode-root/User/settings.json
2025-05-21 11:56:54.002 [info] Discover tests for workspace name: undefined - uri: /root/Desktop/Environments/App/App/~/.vscode-root/User/settings.json
2025-05-21 11:58:09.361 [info] Discover tests for workspace name: undefined - uri: /root/Desktop/Environments/App/App/~/.vscode-root/User/settings.json
2025-05-21 11:59:45.121 [info] Discover tests for workspace name: App - uri: /root/Desktop/Environments/App/App/head.py
2025-05-21 12:00:15.185 [info] Discover tests for workspace name: App - uri: /root/Desktop/Environments/App/App/head.py
2025-05-21 15:28:49.066 [info] Discover tests for workspace name: App - uri: /root/Desktop/Environments/App/App/main.py
2025-05-21 15:28:50.701 [info] Discover tests for workspace name: App - uri: /root/Desktop/Environments/App/App/main.py
2025-05-21 15:35:05.036 [info] Discover tests for workspace name: App - uri: /root/Desktop/Environments/App/App/main.py
