2025-05-21 11:02:34.335 [info] Reading sessions from keychain...
2025-05-21 11:02:34.335 [info] Getting sessions for all scopes...
2025-05-21 11:02:34.335 [info] Getting sessions for all scopes...
2025-05-21 11:02:34.335 [info] Getting sessions for all scopes...
2025-05-21 11:02:34.335 [info] Getting sessions for all scopes...
2025-05-21 11:02:34.335 [info] Getting sessions for all scopes...
2025-05-21 11:02:34.335 [info] Getting sessions for all scopes...
2025-05-21 11:02:34.335 [info] Getting sessions for all scopes...
2025-05-21 11:02:34.335 [info] Getting sessions for all scopes...
2025-05-21 11:02:34.368 [info] Got 0 sessions for ...
2025-05-21 11:02:34.368 [info] Got 0 sessions for ...
2025-05-21 11:02:34.368 [info] Got 0 sessions for ...
2025-05-21 11:02:34.368 [info] Got 0 sessions for ...
2025-05-21 11:02:34.368 [info] Got 0 sessions for ...
2025-05-21 11:02:34.368 [info] Got 0 sessions for ...
2025-05-21 11:02:34.368 [info] Got 0 sessions for ...
2025-05-21 11:02:34.368 [info] Got 0 sessions for ...
2025-05-21 11:02:34.488 [info] Getting sessions for all scopes...
2025-05-21 11:02:34.488 [info] Got 0 sessions for ...
2025-05-21 11:02:36.164 [info] Getting sessions for all scopes...
2025-05-21 11:02:36.164 [info] Got 0 sessions for ...
2025-05-21 11:02:57.907 [info] Reading sessions from keychain...
2025-05-21 11:02:57.907 [info] Getting sessions for all scopes...
2025-05-21 11:02:57.907 [info] Getting sessions for all scopes...
2025-05-21 11:02:57.907 [info] Getting sessions for all scopes...
2025-05-21 11:02:57.907 [info] Got 0 sessions for ...
2025-05-21 11:02:57.907 [info] Got 0 sessions for ...
2025-05-21 11:02:57.907 [info] Got 0 sessions for ...
2025-05-21 11:02:57.909 [info] Getting sessions for all scopes...
2025-05-21 11:02:57.909 [info] Got 0 sessions for ...
2025-05-21 11:02:57.910 [info] Getting sessions for all scopes...
2025-05-21 11:02:57.910 [info] Got 0 sessions for ...
2025-05-21 11:02:57.910 [info] Getting sessions for all scopes...
2025-05-21 11:02:57.910 [info] Got 0 sessions for ...
2025-05-21 11:02:57.910 [info] Getting sessions for all scopes...
2025-05-21 11:02:57.910 [info] Got 0 sessions for ...
2025-05-21 11:02:57.910 [info] Getting sessions for all scopes...
2025-05-21 11:02:57.910 [info] Got 0 sessions for ...
2025-05-21 11:02:58.201 [info] Getting sessions for all scopes...
2025-05-21 11:02:58.201 [info] Got 0 sessions for ...
2025-05-21 11:03:00.295 [info] Getting sessions for all scopes...
2025-05-21 11:03:00.296 [info] Got 0 sessions for ...
2025-05-21 11:03:00.389 [info] Getting sessions for read:user,repo,user:email,workflow...
2025-05-21 11:03:00.389 [info] Got 0 sessions for read:user,repo,user:email,workflow...
