2025-05-21 11:02:34.535 [info] [main] Log level: Info
2025-05-21 11:02:34.535 [info] [main] Validating found git in: "git"
2025-05-21 11:02:34.535 [info] [main] Using git "2.47.2" from "git"
2025-05-21 11:02:34.535 [info] [Model][doInitialScan] Initial repository scan started
2025-05-21 11:02:34.535 [info] [Model][doInitialScan] Initial repository scan completed - repositories (0), closed repositories (0), parent repositories (0), unsafe repositories (0)
2025-05-21 11:03:00.089 [info] [main] Log level: Info
2025-05-21 11:03:00.089 [info] [main] Validating found git in: "git"
2025-05-21 11:03:00.089 [info] [main] Using git "2.47.2" from "git"
2025-05-21 11:03:00.089 [info] [Model][doInitialScan] Initial repository scan started
2025-05-21 11:03:00.089 [info] > git rev-parse --show-toplevel [2ms]
2025-05-21 11:03:00.089 [info] > git rev-parse --git-dir --git-common-dir [2ms]
2025-05-21 11:03:00.089 [info] [Model][openRepository] Opened repository: /root/Desktop/Environments/App
2025-05-21 11:03:00.141 [info] > git rev-parse --show-toplevel [34ms]
2025-05-21 11:03:00.142 [info] > git config --get commit.template [43ms]
2025-05-21 11:03:00.177 [info] > git rev-parse --show-toplevel [18ms]
2025-05-21 11:03:00.219 [info] > git rev-parse --show-toplevel [31ms]
2025-05-21 11:03:00.221 [info] [Model][doInitialScan] Initial repository scan completed - repositories (1), closed repositories (0), parent repositories (0), unsafe repositories (0)
2025-05-21 11:03:00.221 [info] > git for-each-ref --format=%(refname)%00%(upstream:short)%00%(objectname)%00%(upstream:track)%00%(upstream:remotename)%00%(upstream:remoteref) refs/heads/master refs/remotes/master [45ms]
2025-05-21 11:03:00.258 [info] > git status -z -uall [29ms]
2025-05-21 11:03:00.258 [info] > git for-each-ref --sort -committerdate --format %(refname)%00%(objectname)%00%(*objectname) [20ms]
2025-05-21 11:03:00.311 [info] > git for-each-ref --format=%(refname)%00%(upstream:short)%00%(objectname)%00%(upstream:track)%00%(upstream:remotename)%00%(upstream:remoteref) refs/heads/master refs/remotes/master [20ms]
2025-05-21 11:03:00.320 [info] > git config --get commit.template [16ms]
2025-05-21 11:03:00.322 [info] > git config --get --local branch.master.vscode-merge-base [5ms]
2025-05-21 11:03:00.322 [warning] [Git][config] git config failed: Failed to execute git
2025-05-21 11:03:00.339 [info] > git reflog master --grep-reflog=branch: Created from *. [9ms]
2025-05-21 11:03:00.349 [info] > git symbolic-ref --short refs/remotes/origin/HEAD [3ms]
2025-05-21 11:03:00.349 [info] fatal: ref refs/remotes/origin/HEAD is not a symbolic ref
2025-05-21 11:03:00.349 [warning] [Repository][getDefaultBranch] Failed to get default branch details: Failed to execute git.
2025-05-21 11:03:00.349 [info] > git for-each-ref --format=%(refname)%00%(upstream:short)%00%(objectname)%00%(upstream:track)%00%(upstream:remotename)%00%(upstream:remoteref) refs/heads/master refs/remotes/master [11ms]
2025-05-21 11:03:00.389 [info] > git status -z -uall [31ms]
2025-05-21 11:03:00.390 [info] > git for-each-ref --sort -committerdate --format %(refname)%00%(objectname)%00%(*objectname) [24ms]
2025-05-21 11:03:00.656 [info] > git check-ignore -v -z --stdin [1ms]
2025-05-21 11:03:01.313 [info] > git check-ignore -v -z --stdin [1ms]
2025-05-21 11:03:08.766 [info] > git config --get commit.template [10ms]
2025-05-21 11:03:08.766 [info] > git for-each-ref --format=%(refname)%00%(upstream:short)%00%(objectname)%00%(upstream:track)%00%(upstream:remotename)%00%(upstream:remoteref) refs/heads/master refs/remotes/master [2ms]
2025-05-21 11:03:08.782 [info] > git status -z -uall [8ms]
2025-05-21 11:03:08.784 [info] > git for-each-ref --sort -committerdate --format %(refname)%00%(objectname)%00%(*objectname) [2ms]
2025-05-21 11:03:14.585 [info] > git show --textconv :App/screenTime.py [22ms]
2025-05-21 11:03:14.616 [info] > git check-ignore -v -z --stdin [10ms]
2025-05-21 11:03:14.618 [info] > git hash-object -t tree /dev/null [21ms]
2025-05-21 11:03:14.619 [warning] [GitFileSystemProvider][readFile] File not found - git:/root/Desktop/Environments/App/App/screenTime.py.git?%7B%22path%22%3A%22%2Froot%2FDesktop%2FEnvironments%2FApp%2FApp%2FscreenTime.py%22%2C%22ref%22%3A%22%22%7D
2025-05-21 11:03:14.621 [info] > git ls-files --stage -- App/screenTime.py [50ms]
2025-05-21 11:03:14.621 [warning] [GitFileSystemProvider][stat] File not found - git:/root/Desktop/Environments/App/App/screenTime.py.git?%7B%22path%22%3A%22%2Froot%2FDesktop%2FEnvironments%2FApp%2FApp%2FscreenTime.py%22%2C%22ref%22%3A%22%22%7D
2025-05-21 11:03:16.793 [info] > git blame --root --incremental 091909000de86dba2e0c73b140659901132f7e35 -- App/screenTime.py [3ms]
2025-05-21 11:03:16.793 [info] fatal: no such path App/screenTime.py in 091909000de86dba2e0c73b140659901132f7e35
2025-05-21 11:03:18.686 [info] > git config --get commit.template [10ms]
2025-05-21 11:03:18.687 [info] > git for-each-ref --format=%(refname)%00%(upstream:short)%00%(objectname)%00%(upstream:track)%00%(upstream:remotename)%00%(upstream:remoteref) refs/heads/master refs/remotes/master [2ms]
2025-05-21 11:03:18.702 [info] > git status -z -uall [8ms]
2025-05-21 11:03:18.704 [info] > git for-each-ref --sort -committerdate --format %(refname)%00%(objectname)%00%(*objectname) [2ms]
2025-05-21 11:03:23.733 [info] > git config --get commit.template [11ms]
2025-05-21 11:03:23.734 [info] > git for-each-ref --format=%(refname)%00%(upstream:short)%00%(objectname)%00%(upstream:track)%00%(upstream:remotename)%00%(upstream:remoteref) refs/heads/master refs/remotes/master [2ms]
2025-05-21 11:03:23.750 [info] > git status -z -uall [8ms]
2025-05-21 11:03:23.752 [info] > git for-each-ref --sort -committerdate --format %(refname)%00%(objectname)%00%(*objectname) [3ms]
2025-05-21 11:03:28.777 [info] > git config --get commit.template [11ms]
2025-05-21 11:03:28.778 [info] > git for-each-ref --format=%(refname)%00%(upstream:short)%00%(objectname)%00%(upstream:track)%00%(upstream:remotename)%00%(upstream:remoteref) refs/heads/master refs/remotes/master [2ms]
2025-05-21 11:03:28.796 [info] > git status -z -uall [10ms]
2025-05-21 11:03:28.797 [info] > git for-each-ref --sort -committerdate --format %(refname)%00%(objectname)%00%(*objectname) [2ms]
2025-05-21 11:03:33.825 [info] > git config --get commit.template [11ms]
2025-05-21 11:03:33.826 [info] > git for-each-ref --format=%(refname)%00%(upstream:short)%00%(objectname)%00%(upstream:track)%00%(upstream:remotename)%00%(upstream:remoteref) refs/heads/master refs/remotes/master [2ms]
2025-05-21 11:03:33.843 [info] > git status -z -uall [7ms]
2025-05-21 11:03:33.844 [info] > git for-each-ref --sort -committerdate --format %(refname)%00%(objectname)%00%(*objectname) [2ms]
2025-05-21 11:03:38.871 [info] > git config --get commit.template [11ms]
2025-05-21 11:03:38.872 [info] > git for-each-ref --format=%(refname)%00%(upstream:short)%00%(objectname)%00%(upstream:track)%00%(upstream:remotename)%00%(upstream:remoteref) refs/heads/master refs/remotes/master [2ms]
2025-05-21 11:03:38.890 [info] > git status -z -uall [8ms]
2025-05-21 11:03:38.891 [info] > git for-each-ref --sort -committerdate --format %(refname)%00%(objectname)%00%(*objectname) [2ms]
2025-05-21 11:03:43.917 [info] > git config --get commit.template [10ms]
2025-05-21 11:03:43.918 [info] > git for-each-ref --format=%(refname)%00%(upstream:short)%00%(objectname)%00%(upstream:track)%00%(upstream:remotename)%00%(upstream:remoteref) refs/heads/master refs/remotes/master [2ms]
2025-05-21 11:03:43.939 [info] > git status -z -uall [12ms]
2025-05-21 11:03:43.940 [info] > git for-each-ref --sort -committerdate --format %(refname)%00%(objectname)%00%(*objectname) [4ms]
2025-05-21 11:03:58.508 [info] > git config --get commit.template [12ms]
2025-05-21 11:03:58.509 [info] > git for-each-ref --format=%(refname)%00%(upstream:short)%00%(objectname)%00%(upstream:track)%00%(upstream:remotename)%00%(upstream:remoteref) refs/heads/master refs/remotes/master [2ms]
2025-05-21 11:03:58.525 [info] > git status -z -uall [7ms]
2025-05-21 11:03:58.526 [info] > git for-each-ref --sort -committerdate --format %(refname)%00%(objectname)%00%(*objectname) [2ms]
2025-05-21 11:05:33.046 [info] > git config --get commit.template [2ms]
2025-05-21 11:05:33.056 [info] > git for-each-ref --format=%(refname)%00%(upstream:short)%00%(objectname)%00%(upstream:track)%00%(upstream:remotename)%00%(upstream:remoteref) refs/heads/master refs/remotes/master [2ms]
2025-05-21 11:05:33.068 [info] > git status -z -uall [8ms]
2025-05-21 11:05:33.068 [info] > git for-each-ref --sort -committerdate --format %(refname)%00%(objectname)%00%(*objectname) [1ms]
2025-05-21 11:06:06.471 [info] > git config --get commit.template [8ms]
2025-05-21 11:06:06.472 [info] > git for-each-ref --format=%(refname)%00%(upstream:short)%00%(objectname)%00%(upstream:track)%00%(upstream:remotename)%00%(upstream:remoteref) refs/heads/master refs/remotes/master [1ms]
2025-05-21 11:06:06.483 [info] > git status -z -uall [6ms]
2025-05-21 11:06:06.484 [info] > git for-each-ref --sort -committerdate --format %(refname)%00%(objectname)%00%(*objectname) [2ms]
2025-05-21 11:08:39.951 [info] > git config --get commit.template [16ms]
2025-05-21 11:08:39.952 [info] > git for-each-ref --format=%(refname)%00%(upstream:short)%00%(objectname)%00%(upstream:track)%00%(upstream:remotename)%00%(upstream:remoteref) refs/heads/master refs/remotes/master [2ms]
2025-05-21 11:08:39.975 [info] > git status -z -uall [10ms]
2025-05-21 11:08:39.977 [info] > git for-each-ref --sort -committerdate --format %(refname)%00%(objectname)%00%(*objectname) [4ms]
2025-05-21 11:08:45.004 [info] > git config --get commit.template [11ms]
2025-05-21 11:08:45.005 [info] > git for-each-ref --format=%(refname)%00%(upstream:short)%00%(objectname)%00%(upstream:track)%00%(upstream:remotename)%00%(upstream:remoteref) refs/heads/master refs/remotes/master [2ms]
2025-05-21 11:08:45.021 [info] > git status -z -uall [8ms]
2025-05-21 11:08:45.022 [info] > git for-each-ref --sort -committerdate --format %(refname)%00%(objectname)%00%(*objectname) [1ms]
2025-05-21 11:10:13.506 [info] > git check-ignore -v -z --stdin [3ms]
2025-05-21 11:15:16.027 [info] > git config --get commit.template [2ms]
2025-05-21 11:15:16.038 [info] > git for-each-ref --format=%(refname)%00%(upstream:short)%00%(objectname)%00%(upstream:track)%00%(upstream:remotename)%00%(upstream:remoteref) refs/heads/master refs/remotes/master [1ms]
2025-05-21 11:15:16.058 [info] > git status -z -uall [9ms]
2025-05-21 11:15:16.061 [info] > git for-each-ref --sort -committerdate --format %(refname)%00%(objectname)%00%(*objectname) [4ms]
2025-05-21 11:15:21.091 [info] > git config --get commit.template [11ms]
2025-05-21 11:15:21.093 [info] > git for-each-ref --format=%(refname)%00%(upstream:short)%00%(objectname)%00%(upstream:track)%00%(upstream:remotename)%00%(upstream:remoteref) refs/heads/master refs/remotes/master [3ms]
2025-05-21 11:15:21.111 [info] > git status -z -uall [9ms]
2025-05-21 11:15:21.113 [info] > git for-each-ref --sort -committerdate --format %(refname)%00%(objectname)%00%(*objectname) [3ms]
2025-05-21 11:15:24.606 [info] > git check-ignore -v -z --stdin [2ms]
2025-05-21 11:15:26.230 [info] > git check-ignore -v -z --stdin [2ms]
2025-05-21 11:15:26.998 [info] > git config --get commit.template [11ms]
2025-05-21 11:15:26.999 [info] > git for-each-ref --format=%(refname)%00%(upstream:short)%00%(objectname)%00%(upstream:track)%00%(upstream:remotename)%00%(upstream:remoteref) refs/heads/master refs/remotes/master [2ms]
2025-05-21 11:15:27.016 [info] > git status -z -uall [8ms]
2025-05-21 11:15:27.018 [info] > git for-each-ref --sort -committerdate --format %(refname)%00%(objectname)%00%(*objectname) [2ms]
2025-05-21 11:15:32.046 [info] > git config --get commit.template [12ms]
2025-05-21 11:15:32.047 [info] > git for-each-ref --format=%(refname)%00%(upstream:short)%00%(objectname)%00%(upstream:track)%00%(upstream:remotename)%00%(upstream:remoteref) refs/heads/master refs/remotes/master [2ms]
2025-05-21 11:15:32.063 [info] > git status -z -uall [8ms]
2025-05-21 11:15:32.065 [info] > git for-each-ref --sort -committerdate --format %(refname)%00%(objectname)%00%(*objectname) [3ms]
2025-05-21 11:15:36.736 [info] > git show --textconv :App/Python-Gaze-Face-Tracker/main.py [11ms]
2025-05-21 11:15:36.737 [warning] [GitFileSystemProvider][readFile] File not found - git:/root/Desktop/Environments/App/App/Python-Gaze-Face-Tracker/main.py.git?%7B%22path%22%3A%22%2Froot%2FDesktop%2FEnvironments%2FApp%2FApp%2FPython-Gaze-Face-Tracker%2Fmain.py%22%2C%22ref%22%3A%22%22%7D
2025-05-21 11:15:36.737 [info] > git ls-files --stage -- App/Python-Gaze-Face-Tracker/main.py [2ms]
2025-05-21 11:15:36.737 [warning] [GitFileSystemProvider][stat] File not found - git:/root/Desktop/Environments/App/App/Python-Gaze-Face-Tracker/main.py.git?%7B%22path%22%3A%22%2Froot%2FDesktop%2FEnvironments%2FApp%2FApp%2FPython-Gaze-Face-Tracker%2Fmain.py%22%2C%22ref%22%3A%22%22%7D
2025-05-21 11:15:37.084 [info] > git config --get commit.template [9ms]
2025-05-21 11:15:37.085 [info] > git for-each-ref --format=%(refname)%00%(upstream:short)%00%(objectname)%00%(upstream:track)%00%(upstream:remotename)%00%(upstream:remoteref) refs/heads/master refs/remotes/master [2ms]
2025-05-21 11:15:37.098 [info] > git status -z -uall [7ms]
2025-05-21 11:15:37.099 [info] > git for-each-ref --sort -committerdate --format %(refname)%00%(objectname)%00%(*objectname) [1ms]
2025-05-21 11:15:42.115 [info] > git config --get commit.template [6ms]
2025-05-21 11:15:42.115 [info] > git for-each-ref --format=%(refname)%00%(upstream:short)%00%(objectname)%00%(upstream:track)%00%(upstream:remotename)%00%(upstream:remoteref) refs/heads/master refs/remotes/master [1ms]
2025-05-21 11:15:42.128 [info] > git status -z -uall [7ms]
2025-05-21 11:15:42.129 [info] > git for-each-ref --sort -committerdate --format %(refname)%00%(objectname)%00%(*objectname) [1ms]
2025-05-21 11:15:53.966 [info] > git config --get commit.template [11ms]
2025-05-21 11:15:53.967 [info] > git for-each-ref --format=%(refname)%00%(upstream:short)%00%(objectname)%00%(upstream:track)%00%(upstream:remotename)%00%(upstream:remoteref) refs/heads/master refs/remotes/master [2ms]
2025-05-21 11:15:53.983 [info] > git status -z -uall [8ms]
2025-05-21 11:15:53.984 [info] > git for-each-ref --sort -committerdate --format %(refname)%00%(objectname)%00%(*objectname) [2ms]
2025-05-21 11:15:59.011 [info] > git config --get commit.template [12ms]
2025-05-21 11:15:59.012 [info] > git for-each-ref --format=%(refname)%00%(upstream:short)%00%(objectname)%00%(upstream:track)%00%(upstream:remotename)%00%(upstream:remoteref) refs/heads/master refs/remotes/master [2ms]
2025-05-21 11:15:59.029 [info] > git status -z -uall [8ms]
2025-05-21 11:15:59.030 [info] > git for-each-ref --sort -committerdate --format %(refname)%00%(objectname)%00%(*objectname) [2ms]
2025-05-21 11:16:02.201 [info] > git blame --root --incremental 091909000de86dba2e0c73b140659901132f7e35 -- App/Python-Gaze-Face-Tracker/main.py [2ms]
2025-05-21 11:16:02.201 [info] fatal: no such path App/Python-Gaze-Face-Tracker/main.py in 091909000de86dba2e0c73b140659901132f7e35
2025-05-21 11:17:38.073 [info] > git config --get commit.template [13ms]
2025-05-21 11:17:38.074 [info] > git for-each-ref --format=%(refname)%00%(upstream:short)%00%(objectname)%00%(upstream:track)%00%(upstream:remotename)%00%(upstream:remoteref) refs/heads/master refs/remotes/master [1ms]
2025-05-21 11:17:38.097 [info] > git status -z -uall [15ms]
2025-05-21 11:17:38.099 [info] > git for-each-ref --sort -committerdate --format %(refname)%00%(objectname)%00%(*objectname) [4ms]
2025-05-21 11:17:43.124 [info] > git config --get commit.template [8ms]
2025-05-21 11:17:43.125 [info] > git for-each-ref --format=%(refname)%00%(upstream:short)%00%(objectname)%00%(upstream:track)%00%(upstream:remotename)%00%(upstream:remoteref) refs/heads/master refs/remotes/master [2ms]
2025-05-21 11:17:43.143 [info] > git status -z -uall [9ms]
2025-05-21 11:17:43.144 [info] > git for-each-ref --sort -committerdate --format %(refname)%00%(objectname)%00%(*objectname) [2ms]
2025-05-21 11:17:48.166 [info] > git config --get commit.template [6ms]
2025-05-21 11:17:48.167 [info] > git for-each-ref --format=%(refname)%00%(upstream:short)%00%(objectname)%00%(upstream:track)%00%(upstream:remotename)%00%(upstream:remoteref) refs/heads/master refs/remotes/master [2ms]
2025-05-21 11:17:48.180 [info] > git status -z -uall [6ms]
2025-05-21 11:17:48.181 [info] > git for-each-ref --sort -committerdate --format %(refname)%00%(objectname)%00%(*objectname) [1ms]
2025-05-21 11:17:58.530 [info] > git config --get commit.template [10ms]
2025-05-21 11:17:58.531 [info] > git for-each-ref --format=%(refname)%00%(upstream:short)%00%(objectname)%00%(upstream:track)%00%(upstream:remotename)%00%(upstream:remoteref) refs/heads/master refs/remotes/master [2ms]
2025-05-21 11:17:58.547 [info] > git status -z -uall [7ms]
2025-05-21 11:17:58.548 [info] > git for-each-ref --sort -committerdate --format %(refname)%00%(objectname)%00%(*objectname) [2ms]
2025-05-21 11:18:21.461 [info] > git config --get commit.template [6ms]
2025-05-21 11:18:21.462 [info] > git for-each-ref --format=%(refname)%00%(upstream:short)%00%(objectname)%00%(upstream:track)%00%(upstream:remotename)%00%(upstream:remoteref) refs/heads/master refs/remotes/master [1ms]
2025-05-21 11:18:21.475 [info] > git status -z -uall [6ms]
2025-05-21 11:18:21.476 [info] > git for-each-ref --sort -committerdate --format %(refname)%00%(objectname)%00%(*objectname) [2ms]
2025-05-21 11:19:42.148 [info] > git config --get commit.template [7ms]
2025-05-21 11:19:42.148 [info] > git for-each-ref --format=%(refname)%00%(upstream:short)%00%(objectname)%00%(upstream:track)%00%(upstream:remotename)%00%(upstream:remoteref) refs/heads/master refs/remotes/master [1ms]
2025-05-21 11:19:42.169 [info] > git status -z -uall [12ms]
2025-05-21 11:19:42.172 [info] > git for-each-ref --sort -committerdate --format %(refname)%00%(objectname)%00%(*objectname) [4ms]
2025-05-21 11:20:58.541 [info] > git config --get commit.template [9ms]
2025-05-21 11:20:58.542 [info] > git for-each-ref --format=%(refname)%00%(upstream:short)%00%(objectname)%00%(upstream:track)%00%(upstream:remotename)%00%(upstream:remoteref) refs/heads/master refs/remotes/master [2ms]
2025-05-21 11:20:58.559 [info] > git status -z -uall [9ms]
2025-05-21 11:20:58.561 [info] > git for-each-ref --sort -committerdate --format %(refname)%00%(objectname)%00%(*objectname) [3ms]
2025-05-21 11:21:42.812 [info] > git config --get commit.template [2ms]
2025-05-21 11:21:42.820 [info] > git for-each-ref --format=%(refname)%00%(upstream:short)%00%(objectname)%00%(upstream:track)%00%(upstream:remotename)%00%(upstream:remoteref) refs/heads/master refs/remotes/master [1ms]
2025-05-21 11:21:42.835 [info] > git status -z -uall [8ms]
2025-05-21 11:21:42.836 [info] > git for-each-ref --sort -committerdate --format %(refname)%00%(objectname)%00%(*objectname) [1ms]
2025-05-21 11:21:51.032 [info] > git config --get commit.template [2ms]
2025-05-21 11:21:51.043 [info] > git for-each-ref --format=%(refname)%00%(upstream:short)%00%(objectname)%00%(upstream:track)%00%(upstream:remotename)%00%(upstream:remoteref) refs/heads/master refs/remotes/master [2ms]
2025-05-21 11:21:51.058 [info] > git status -z -uall [7ms]
2025-05-21 11:21:51.060 [info] > git for-each-ref --sort -committerdate --format %(refname)%00%(objectname)%00%(*objectname) [3ms]
2025-05-21 11:22:11.305 [info] > git check-ignore -v -z --stdin [2ms]
2025-05-21 11:22:22.163 [info] > git check-ignore -v -z --stdin [2ms]
2025-05-21 11:31:54.216 [info] > git config --get commit.template [3ms]
2025-05-21 11:31:54.232 [info] > git for-each-ref --format=%(refname)%00%(upstream:short)%00%(objectname)%00%(upstream:track)%00%(upstream:remotename)%00%(upstream:remoteref) refs/heads/master refs/remotes/master [3ms]
2025-05-21 11:31:54.262 [info] > git status -z -uall [15ms]
2025-05-21 11:31:54.265 [info] > git for-each-ref --sort -committerdate --format %(refname)%00%(objectname)%00%(*objectname) [3ms]
2025-05-21 11:31:59.289 [info] > git config --get commit.template [9ms]
2025-05-21 11:31:59.289 [info] > git for-each-ref --format=%(refname)%00%(upstream:short)%00%(objectname)%00%(upstream:track)%00%(upstream:remotename)%00%(upstream:remoteref) refs/heads/master refs/remotes/master [1ms]
2025-05-21 11:31:59.304 [info] > git status -z -uall [8ms]
2025-05-21 11:31:59.305 [info] > git for-each-ref --sort -committerdate --format %(refname)%00%(objectname)%00%(*objectname) [2ms]
2025-05-21 11:32:34.540 [info] > git config --get commit.template [9ms]
2025-05-21 11:32:34.541 [info] > git for-each-ref --format=%(refname)%00%(upstream:short)%00%(objectname)%00%(upstream:track)%00%(upstream:remotename)%00%(upstream:remoteref) refs/heads/master refs/remotes/master [1ms]
2025-05-21 11:32:34.553 [info] > git status -z -uall [6ms]
2025-05-21 11:32:34.554 [info] > git for-each-ref --sort -committerdate --format %(refname)%00%(objectname)%00%(*objectname) [2ms]
2025-05-21 11:33:21.478 [info] > git config --get commit.template [3ms]
2025-05-21 11:33:21.490 [info] > git for-each-ref --format=%(refname)%00%(upstream:short)%00%(objectname)%00%(upstream:track)%00%(upstream:remotename)%00%(upstream:remoteref) refs/heads/master refs/remotes/master [2ms]
2025-05-21 11:33:21.506 [info] > git status -z -uall [8ms]
2025-05-21 11:33:21.507 [info] > git for-each-ref --sort -committerdate --format %(refname)%00%(objectname)%00%(*objectname) [1ms]
2025-05-21 11:35:45.990 [info] > git config --get commit.template [15ms]
2025-05-21 11:35:45.991 [info] > git for-each-ref --format=%(refname)%00%(upstream:short)%00%(objectname)%00%(upstream:track)%00%(upstream:remotename)%00%(upstream:remoteref) refs/heads/master refs/remotes/master [3ms]
2025-05-21 11:35:46.016 [info] > git status -z -uall [13ms]
2025-05-21 11:35:46.017 [info] > git for-each-ref --sort -committerdate --format %(refname)%00%(objectname)%00%(*objectname) [4ms]
2025-05-21 11:37:14.797 [info] > git for-each-ref --format=%(refname)%00%(upstream:short)%00%(objectname)%00%(upstream:track)%00%(upstream:remotename)%00%(upstream:remoteref) refs/heads/master refs/remotes/master [1ms]
2025-05-21 11:37:14.797 [info] > git config --get commit.template [19ms]
2025-05-21 11:37:14.828 [info] > git status -z -uall [15ms]
2025-05-21 11:37:14.829 [info] > git for-each-ref --sort -committerdate --format %(refname)%00%(objectname)%00%(*objectname) [2ms]
2025-05-21 11:37:19.860 [info] > git config --get commit.template [12ms]
2025-05-21 11:37:19.862 [info] > git for-each-ref --format=%(refname)%00%(upstream:short)%00%(objectname)%00%(upstream:track)%00%(upstream:remotename)%00%(upstream:remoteref) refs/heads/master refs/remotes/master [3ms]
2025-05-21 11:37:19.882 [info] > git status -z -uall [10ms]
2025-05-21 11:37:19.884 [info] > git for-each-ref --sort -committerdate --format %(refname)%00%(objectname)%00%(*objectname) [2ms]
2025-05-21 11:37:21.139 [info] > git show --textconv :App/main.py [7ms]
2025-05-21 11:37:21.140 [info] > git ls-files --stage -- App/main.py [1ms]
2025-05-21 11:37:21.146 [info] > git cat-file -s eecbb70dcce9aba3dff098ea0a2fe0338dd0db75 [1ms]
2025-05-21 11:37:24.910 [info] > git config --get commit.template [11ms]
2025-05-21 11:37:24.911 [info] > git for-each-ref --format=%(refname)%00%(upstream:short)%00%(objectname)%00%(upstream:track)%00%(upstream:remotename)%00%(upstream:remoteref) refs/heads/master refs/remotes/master [1ms]
2025-05-21 11:37:24.923 [info] > git status -z -uall [6ms]
2025-05-21 11:37:24.924 [info] > git for-each-ref --sort -committerdate --format %(refname)%00%(objectname)%00%(*objectname) [2ms]
2025-05-21 11:37:26.501 [info] > git check-ignore -v -z --stdin [2ms]
2025-05-21 11:37:29.950 [info] > git for-each-ref --format=%(refname)%00%(upstream:short)%00%(objectname)%00%(upstream:track)%00%(upstream:remotename)%00%(upstream:remoteref) refs/heads/master refs/remotes/master [2ms]
2025-05-21 11:37:29.950 [info] > git config --get commit.template [11ms]
2025-05-21 11:37:29.962 [info] > git status -z -uall [6ms]
2025-05-21 11:37:29.963 [info] > git for-each-ref --sort -committerdate --format %(refname)%00%(objectname)%00%(*objectname) [1ms]
2025-05-21 11:37:34.989 [info] > git config --get commit.template [11ms]
2025-05-21 11:37:34.990 [info] > git for-each-ref --format=%(refname)%00%(upstream:short)%00%(objectname)%00%(upstream:track)%00%(upstream:remotename)%00%(upstream:remoteref) refs/heads/master refs/remotes/master [2ms]
2025-05-21 11:37:35.004 [info] > git status -z -uall [6ms]
2025-05-21 11:37:35.004 [info] > git for-each-ref --sort -committerdate --format %(refname)%00%(objectname)%00%(*objectname) [1ms]
2025-05-21 11:37:36.941 [info] > git show --textconv :App/head.py [12ms]
2025-05-21 11:37:36.941 [warning] [GitFileSystemProvider][readFile] File not found - git:/root/Desktop/Environments/App/App/head.py.git?%7B%22path%22%3A%22%2Froot%2FDesktop%2FEnvironments%2FApp%2FApp%2Fhead.py%22%2C%22ref%22%3A%22%22%7D
2025-05-21 11:37:36.942 [info] > git ls-files --stage -- App/head.py [2ms]
2025-05-21 11:37:36.942 [warning] [GitFileSystemProvider][stat] File not found - git:/root/Desktop/Environments/App/App/head.py.git?%7B%22path%22%3A%22%2Froot%2FDesktop%2FEnvironments%2FApp%2FApp%2Fhead.py%22%2C%22ref%22%3A%22%22%7D
2025-05-21 11:37:37.221 [info] > git check-ignore -v -z --stdin [3ms]
2025-05-21 11:37:40.033 [info] > git config --get commit.template [13ms]
2025-05-21 11:37:40.034 [info] > git for-each-ref --format=%(refname)%00%(upstream:short)%00%(objectname)%00%(upstream:track)%00%(upstream:remotename)%00%(upstream:remoteref) refs/heads/master refs/remotes/master [2ms]
2025-05-21 11:37:40.047 [info] > git status -z -uall [7ms]
2025-05-21 11:37:40.047 [info] > git for-each-ref --sort -committerdate --format %(refname)%00%(objectname)%00%(*objectname) [1ms]
2025-05-21 11:37:45.075 [info] > git for-each-ref --format=%(refname)%00%(upstream:short)%00%(objectname)%00%(upstream:track)%00%(upstream:remotename)%00%(upstream:remoteref) refs/heads/master refs/remotes/master [2ms]
2025-05-21 11:37:45.075 [info] > git config --get commit.template [13ms]
2025-05-21 11:37:45.087 [info] > git status -z -uall [6ms]
2025-05-21 11:37:45.087 [info] > git for-each-ref --sort -committerdate --format %(refname)%00%(objectname)%00%(*objectname) [1ms]
2025-05-21 11:37:50.111 [info] > git config --get commit.template [11ms]
2025-05-21 11:37:50.111 [info] > git for-each-ref --format=%(refname)%00%(upstream:short)%00%(objectname)%00%(upstream:track)%00%(upstream:remotename)%00%(upstream:remoteref) refs/heads/master refs/remotes/master [1ms]
2025-05-21 11:37:50.122 [info] > git status -z -uall [5ms]
2025-05-21 11:37:50.124 [info] > git for-each-ref --sort -committerdate --format %(refname)%00%(objectname)%00%(*objectname) [2ms]
2025-05-21 11:37:58.579 [info] > git config --get commit.template [11ms]
2025-05-21 11:37:58.580 [info] > git for-each-ref --format=%(refname)%00%(upstream:short)%00%(objectname)%00%(upstream:track)%00%(upstream:remotename)%00%(upstream:remoteref) refs/heads/master refs/remotes/master [2ms]
2025-05-21 11:37:58.591 [info] > git status -z -uall [5ms]
2025-05-21 11:37:58.592 [info] > git for-each-ref --sort -committerdate --format %(refname)%00%(objectname)%00%(*objectname) [1ms]
2025-05-21 11:38:03.610 [info] > git config --get commit.template [7ms]
2025-05-21 11:38:03.611 [info] > git for-each-ref --format=%(refname)%00%(upstream:short)%00%(objectname)%00%(upstream:track)%00%(upstream:remotename)%00%(upstream:remoteref) refs/heads/master refs/remotes/master [1ms]
2025-05-21 11:38:03.624 [info] > git status -z -uall [7ms]
2025-05-21 11:38:03.625 [info] > git for-each-ref --sort -committerdate --format %(refname)%00%(objectname)%00%(*objectname) [2ms]
2025-05-21 11:39:56.419 [info] > git config --get commit.template [10ms]
2025-05-21 11:39:56.420 [info] > git for-each-ref --format=%(refname)%00%(upstream:short)%00%(objectname)%00%(upstream:track)%00%(upstream:remotename)%00%(upstream:remoteref) refs/heads/master refs/remotes/master [2ms]
2025-05-21 11:39:56.446 [info] > git status -z -uall [16ms]
2025-05-21 11:39:56.447 [info] > git for-each-ref --sort -committerdate --format %(refname)%00%(objectname)%00%(*objectname) [2ms]
2025-05-21 11:40:01.477 [info] > git config --get commit.template [12ms]
2025-05-21 11:40:01.478 [info] > git for-each-ref --format=%(refname)%00%(upstream:short)%00%(objectname)%00%(upstream:track)%00%(upstream:remotename)%00%(upstream:remoteref) refs/heads/master refs/remotes/master [2ms]
2025-05-21 11:40:01.493 [info] > git status -z -uall [7ms]
2025-05-21 11:40:01.495 [info] > git for-each-ref --sort -committerdate --format %(refname)%00%(objectname)%00%(*objectname) [2ms]
2025-05-21 11:40:15.277 [info] > git config --get commit.template [12ms]
2025-05-21 11:40:15.278 [info] > git for-each-ref --format=%(refname)%00%(upstream:short)%00%(objectname)%00%(upstream:track)%00%(upstream:remotename)%00%(upstream:remoteref) refs/heads/master refs/remotes/master [2ms]
2025-05-21 11:40:15.296 [info] > git status -z -uall [10ms]
2025-05-21 11:40:15.297 [info] > git for-each-ref --sort -committerdate --format %(refname)%00%(objectname)%00%(*objectname) [2ms]
2025-05-21 11:40:16.952 [info] > git show --textconv :App/Python-Gaze-Face-Tracker/main.py [9ms]
2025-05-21 11:40:16.952 [warning] [GitFileSystemProvider][readFile] File not found - git:/root/Desktop/Environments/App/App/Python-Gaze-Face-Tracker/main.py.git?%7B%22path%22%3A%22%2Froot%2FDesktop%2FEnvironments%2FApp%2FApp%2FPython-Gaze-Face-Tracker%2Fmain.py%22%2C%22ref%22%3A%22%22%7D
2025-05-21 11:40:16.958 [info] > git ls-files --stage -- App/Python-Gaze-Face-Tracker/main.py [7ms]
2025-05-21 11:40:16.958 [warning] [GitFileSystemProvider][stat] File not found - git:/root/Desktop/Environments/App/App/Python-Gaze-Face-Tracker/main.py.git?%7B%22path%22%3A%22%2Froot%2FDesktop%2FEnvironments%2FApp%2FApp%2FPython-Gaze-Face-Tracker%2Fmain.py%22%2C%22ref%22%3A%22%22%7D
2025-05-21 11:40:20.316 [info] > git config --get commit.template [1ms]
2025-05-21 11:40:20.324 [info] > git for-each-ref --format=%(refname)%00%(upstream:short)%00%(objectname)%00%(upstream:track)%00%(upstream:remotename)%00%(upstream:remoteref) refs/heads/master refs/remotes/master [1ms]
2025-05-21 11:40:20.335 [info] > git status -z -uall [6ms]
2025-05-21 11:40:20.336 [info] > git for-each-ref --sort -committerdate --format %(refname)%00%(objectname)%00%(*objectname) [2ms]
2025-05-21 11:40:42.028 [info] > git config --get commit.template [8ms]
2025-05-21 11:40:42.028 [info] > git for-each-ref --format=%(refname)%00%(upstream:short)%00%(objectname)%00%(upstream:track)%00%(upstream:remotename)%00%(upstream:remoteref) refs/heads/master refs/remotes/master [1ms]
2025-05-21 11:40:42.043 [info] > git status -z -uall [7ms]
2025-05-21 11:40:42.044 [info] > git for-each-ref --sort -committerdate --format %(refname)%00%(objectname)%00%(*objectname) [2ms]
2025-05-21 11:40:58.591 [info] > git config --get commit.template [9ms]
2025-05-21 11:40:58.592 [info] > git for-each-ref --format=%(refname)%00%(upstream:short)%00%(objectname)%00%(upstream:track)%00%(upstream:remotename)%00%(upstream:remoteref) refs/heads/master refs/remotes/master [2ms]
2025-05-21 11:40:58.609 [info] > git status -z -uall [8ms]
2025-05-21 11:40:58.610 [info] > git for-each-ref --sort -committerdate --format %(refname)%00%(objectname)%00%(*objectname) [2ms]
2025-05-21 11:43:36.941 [info] > git config --get commit.template [2ms]
2025-05-21 11:43:36.956 [info] > git for-each-ref --format=%(refname)%00%(upstream:short)%00%(objectname)%00%(upstream:track)%00%(upstream:remotename)%00%(upstream:remoteref) refs/heads/master refs/remotes/master [3ms]
2025-05-21 11:43:36.988 [info] > git status -z -uall [20ms]
2025-05-21 11:43:36.991 [info] > git for-each-ref --sort -committerdate --format %(refname)%00%(objectname)%00%(*objectname) [4ms]
2025-05-21 11:43:42.021 [info] > git config --get commit.template [13ms]
2025-05-21 11:43:42.022 [info] > git for-each-ref --format=%(refname)%00%(upstream:short)%00%(objectname)%00%(upstream:track)%00%(upstream:remotename)%00%(upstream:remoteref) refs/heads/master refs/remotes/master [2ms]
2025-05-21 11:43:42.039 [info] > git status -z -uall [7ms]
2025-05-21 11:43:42.041 [info] > git for-each-ref --sort -committerdate --format %(refname)%00%(objectname)%00%(*objectname) [2ms]
2025-05-21 11:43:58.584 [info] > git config --get commit.template [6ms]
2025-05-21 11:43:58.584 [info] > git for-each-ref --format=%(refname)%00%(upstream:short)%00%(objectname)%00%(upstream:track)%00%(upstream:remotename)%00%(upstream:remoteref) refs/heads/master refs/remotes/master [1ms]
2025-05-21 11:43:58.595 [info] > git status -z -uall [6ms]
2025-05-21 11:43:58.596 [info] > git for-each-ref --sort -committerdate --format %(refname)%00%(objectname)%00%(*objectname) [2ms]
2025-05-21 11:44:28.001 [info] > git config --get commit.template [7ms]
2025-05-21 11:44:28.002 [info] > git for-each-ref --format=%(refname)%00%(upstream:short)%00%(objectname)%00%(upstream:track)%00%(upstream:remotename)%00%(upstream:remoteref) refs/heads/master refs/remotes/master [1ms]
2025-05-21 11:44:28.017 [info] > git status -z -uall [8ms]
2025-05-21 11:44:28.018 [info] > git for-each-ref --sort -committerdate --format %(refname)%00%(objectname)%00%(*objectname) [2ms]
2025-05-21 11:46:48.023 [info] > git config --get commit.template [11ms]
2025-05-21 11:46:48.023 [info] > git for-each-ref --format=%(refname)%00%(upstream:short)%00%(objectname)%00%(upstream:track)%00%(upstream:remotename)%00%(upstream:remoteref) refs/heads/master refs/remotes/master [1ms]
2025-05-21 11:46:48.039 [info] > git status -z -uall [8ms]
2025-05-21 11:46:48.040 [info] > git for-each-ref --sort -committerdate --format %(refname)%00%(objectname)%00%(*objectname) [2ms]
2025-05-21 11:46:53.063 [info] > git config --get commit.template [7ms]
2025-05-21 11:46:53.064 [info] > git for-each-ref --format=%(refname)%00%(upstream:short)%00%(objectname)%00%(upstream:track)%00%(upstream:remotename)%00%(upstream:remoteref) refs/heads/master refs/remotes/master [2ms]
2025-05-21 11:46:53.080 [info] > git status -z -uall [8ms]
2025-05-21 11:46:53.081 [info] > git for-each-ref --sort -committerdate --format %(refname)%00%(objectname)%00%(*objectname) [2ms]
2025-05-21 11:46:58.603 [info] > git config --get commit.template [11ms]
2025-05-21 11:46:58.604 [info] > git for-each-ref --format=%(refname)%00%(upstream:short)%00%(objectname)%00%(upstream:track)%00%(upstream:remotename)%00%(upstream:remoteref) refs/heads/master refs/remotes/master [2ms]
2025-05-21 11:46:58.620 [info] > git status -z -uall [9ms]
2025-05-21 11:46:58.621 [info] > git for-each-ref --sort -committerdate --format %(refname)%00%(objectname)%00%(*objectname) [2ms]
2025-05-21 11:47:51.350 [info] > git config --get commit.template [15ms]
2025-05-21 11:47:51.353 [info] > git for-each-ref --format=%(refname)%00%(upstream:short)%00%(objectname)%00%(upstream:track)%00%(upstream:remotename)%00%(upstream:remoteref) refs/heads/master refs/remotes/master [4ms]
2025-05-21 11:47:51.380 [info] > git status -z -uall [16ms]
2025-05-21 11:47:51.382 [info] > git for-each-ref --sort -committerdate --format %(refname)%00%(objectname)%00%(*objectname) [3ms]
2025-05-21 11:47:58.847 [info] > git for-each-ref --format=%(refname)%00%(upstream:short)%00%(objectname)%00%(upstream:track)%00%(upstream:remotename)%00%(upstream:remoteref) refs/heads/master refs/remotes/master [2ms]
2025-05-21 11:47:58.847 [info] > git config --get commit.template [9ms]
2025-05-21 11:47:58.862 [info] > git status -z -uall [8ms]
2025-05-21 11:47:58.863 [info] > git for-each-ref --sort -committerdate --format %(refname)%00%(objectname)%00%(*objectname) [1ms]
2025-05-21 11:49:30.050 [info] > git config --get commit.template [15ms]
2025-05-21 11:49:30.051 [info] > git for-each-ref --format=%(refname)%00%(upstream:short)%00%(objectname)%00%(upstream:track)%00%(upstream:remotename)%00%(upstream:remoteref) refs/heads/master refs/remotes/master [3ms]
2025-05-21 11:49:30.078 [info] > git status -z -uall [17ms]
2025-05-21 11:49:30.080 [info] > git for-each-ref --sort -committerdate --format %(refname)%00%(objectname)%00%(*objectname) [5ms]
2025-05-21 11:49:35.097 [info] > git config --get commit.template [2ms]
2025-05-21 11:49:35.110 [info] > git for-each-ref --format=%(refname)%00%(upstream:short)%00%(objectname)%00%(upstream:track)%00%(upstream:remotename)%00%(upstream:remoteref) refs/heads/master refs/remotes/master [2ms]
2025-05-21 11:49:35.127 [info] > git status -z -uall [8ms]
2025-05-21 11:49:35.128 [info] > git for-each-ref --sort -committerdate --format %(refname)%00%(objectname)%00%(*objectname) [2ms]
2025-05-21 11:49:40.155 [info] > git config --get commit.template [12ms]
2025-05-21 11:49:40.156 [info] > git for-each-ref --format=%(refname)%00%(upstream:short)%00%(objectname)%00%(upstream:track)%00%(upstream:remotename)%00%(upstream:remoteref) refs/heads/master refs/remotes/master [2ms]
2025-05-21 11:49:40.173 [info] > git status -z -uall [8ms]
2025-05-21 11:49:40.175 [info] > git for-each-ref --sort -committerdate --format %(refname)%00%(objectname)%00%(*objectname) [2ms]
2025-05-21 11:49:45.198 [info] > git config --get commit.template [7ms]
2025-05-21 11:49:45.199 [info] > git for-each-ref --format=%(refname)%00%(upstream:short)%00%(objectname)%00%(upstream:track)%00%(upstream:remotename)%00%(upstream:remoteref) refs/heads/master refs/remotes/master [2ms]
2025-05-21 11:49:45.215 [info] > git status -z -uall [8ms]
2025-05-21 11:49:45.217 [info] > git for-each-ref --sort -committerdate --format %(refname)%00%(objectname)%00%(*objectname) [2ms]
2025-05-21 11:49:50.245 [info] > git config --get commit.template [10ms]
2025-05-21 11:49:50.245 [info] > git for-each-ref --format=%(refname)%00%(upstream:short)%00%(objectname)%00%(upstream:track)%00%(upstream:remotename)%00%(upstream:remoteref) refs/heads/master refs/remotes/master [1ms]
2025-05-21 11:49:50.259 [info] > git status -z -uall [7ms]
2025-05-21 11:49:50.260 [info] > git for-each-ref --sort -committerdate --format %(refname)%00%(objectname)%00%(*objectname) [1ms]
2025-05-21 11:50:30.046 [info] > git config --get commit.template [17ms]
2025-05-21 11:50:30.047 [info] > git for-each-ref --format=%(refname)%00%(upstream:short)%00%(objectname)%00%(upstream:track)%00%(upstream:remotename)%00%(upstream:remoteref) refs/heads/master refs/remotes/master [2ms]
2025-05-21 11:50:30.078 [info] > git status -z -uall [15ms]
2025-05-21 11:50:30.081 [info] > git for-each-ref --sort -committerdate --format %(refname)%00%(objectname)%00%(*objectname) [3ms]
2025-05-21 11:50:35.096 [info] > git config --get commit.template [6ms]
2025-05-21 11:50:35.097 [info] > git for-each-ref --format=%(refname)%00%(upstream:short)%00%(objectname)%00%(upstream:track)%00%(upstream:remotename)%00%(upstream:remoteref) refs/heads/master refs/remotes/master [1ms]
2025-05-21 11:50:35.108 [info] > git status -z -uall [6ms]
2025-05-21 11:50:35.108 [info] > git for-each-ref --sort -committerdate --format %(refname)%00%(objectname)%00%(*objectname) [1ms]
2025-05-21 11:51:31.739 [info] > git config --get commit.template [7ms]
2025-05-21 11:51:31.739 [info] > git for-each-ref --format=%(refname)%00%(upstream:short)%00%(objectname)%00%(upstream:track)%00%(upstream:remotename)%00%(upstream:remoteref) refs/heads/master refs/remotes/master [0ms]
2025-05-21 11:51:31.755 [info] > git status -z -uall [7ms]
2025-05-21 11:51:31.756 [info] > git for-each-ref --sort -committerdate --format %(refname)%00%(objectname)%00%(*objectname) [1ms]
2025-05-21 11:51:37.351 [info] > git config --get commit.template [12ms]
2025-05-21 11:51:37.352 [info] > git for-each-ref --format=%(refname)%00%(upstream:short)%00%(objectname)%00%(upstream:track)%00%(upstream:remotename)%00%(upstream:remoteref) refs/heads/master refs/remotes/master [2ms]
2025-05-21 11:51:37.370 [info] > git status -z -uall [9ms]
2025-05-21 11:51:37.371 [info] > git for-each-ref --sort -committerdate --format %(refname)%00%(objectname)%00%(*objectname) [2ms]
2025-05-21 11:52:08.729 [info] > git config --get commit.template [10ms]
2025-05-21 11:52:08.729 [info] > git for-each-ref --format=%(refname)%00%(upstream:short)%00%(objectname)%00%(upstream:track)%00%(upstream:remotename)%00%(upstream:remoteref) refs/heads/master refs/remotes/master [1ms]
2025-05-21 11:52:08.744 [info] > git status -z -uall [8ms]
2025-05-21 11:52:08.744 [info] > git for-each-ref --sort -committerdate --format %(refname)%00%(objectname)%00%(*objectname) [1ms]
2025-05-21 11:52:33.575 [info] > git for-each-ref --format=%(refname)%00%(upstream:short)%00%(objectname)%00%(upstream:track)%00%(upstream:remotename)%00%(upstream:remoteref) refs/heads/master refs/remotes/master [2ms]
2025-05-21 11:52:33.576 [info] > git config --get commit.template [15ms]
2025-05-21 11:52:33.625 [info] > git status -z -uall [33ms]
2025-05-21 11:52:33.627 [info] > git for-each-ref --sort -committerdate --format %(refname)%00%(objectname)%00%(*objectname) [2ms]
2025-05-21 11:52:38.656 [info] > git config --get commit.template [11ms]
2025-05-21 11:52:38.657 [info] > git for-each-ref --format=%(refname)%00%(upstream:short)%00%(objectname)%00%(upstream:track)%00%(upstream:remotename)%00%(upstream:remoteref) refs/heads/master refs/remotes/master [2ms]
2025-05-21 11:52:38.671 [info] > git status -z -uall [7ms]
2025-05-21 11:52:38.673 [info] > git for-each-ref --sort -committerdate --format %(refname)%00%(objectname)%00%(*objectname) [2ms]
2025-05-21 11:52:58.612 [info] > git config --get commit.template [9ms]
2025-05-21 11:52:58.614 [info] > git for-each-ref --format=%(refname)%00%(upstream:short)%00%(objectname)%00%(upstream:track)%00%(upstream:remotename)%00%(upstream:remoteref) refs/heads/master refs/remotes/master [3ms]
2025-05-21 11:52:58.631 [info] > git status -z -uall [9ms]
2025-05-21 11:52:58.632 [info] > git for-each-ref --sort -committerdate --format %(refname)%00%(objectname)%00%(*objectname) [2ms]
2025-05-21 11:53:15.929 [info] > git config --get commit.template [12ms]
2025-05-21 11:53:15.930 [info] > git for-each-ref --format=%(refname)%00%(upstream:short)%00%(objectname)%00%(upstream:track)%00%(upstream:remotename)%00%(upstream:remoteref) refs/heads/master refs/remotes/master [2ms]
2025-05-21 11:53:15.948 [info] > git status -z -uall [9ms]
2025-05-21 11:53:15.949 [info] > git for-each-ref --sort -committerdate --format %(refname)%00%(objectname)%00%(*objectname) [2ms]
2025-05-21 11:53:20.974 [info] > git config --get commit.template [11ms]
2025-05-21 11:53:20.975 [info] > git for-each-ref --format=%(refname)%00%(upstream:short)%00%(objectname)%00%(upstream:track)%00%(upstream:remotename)%00%(upstream:remoteref) refs/heads/master refs/remotes/master [2ms]
2025-05-21 11:53:20.989 [info] > git status -z -uall [7ms]
2025-05-21 11:53:20.990 [info] > git for-each-ref --sort -committerdate --format %(refname)%00%(objectname)%00%(*objectname) [2ms]
2025-05-21 11:53:26.002 [info] > git config --get commit.template [2ms]
2025-05-21 11:53:26.009 [info] > git for-each-ref --format=%(refname)%00%(upstream:short)%00%(objectname)%00%(upstream:track)%00%(upstream:remotename)%00%(upstream:remoteref) refs/heads/master refs/remotes/master [1ms]
2025-05-21 11:53:26.022 [info] > git status -z -uall [6ms]
2025-05-21 11:53:26.023 [info] > git for-each-ref --sort -committerdate --format %(refname)%00%(objectname)%00%(*objectname) [2ms]
2025-05-21 11:53:31.051 [info] > git config --get commit.template [13ms]
2025-05-21 11:53:31.052 [info] > git for-each-ref --format=%(refname)%00%(upstream:short)%00%(objectname)%00%(upstream:track)%00%(upstream:remotename)%00%(upstream:remoteref) refs/heads/master refs/remotes/master [3ms]
2025-05-21 11:53:31.068 [info] > git status -z -uall [7ms]
2025-05-21 11:53:31.070 [info] > git for-each-ref --sort -committerdate --format %(refname)%00%(objectname)%00%(*objectname) [3ms]
2025-05-21 11:53:36.091 [info] > git config --get commit.template [13ms]
2025-05-21 11:53:36.092 [info] > git for-each-ref --format=%(refname)%00%(upstream:short)%00%(objectname)%00%(upstream:track)%00%(upstream:remotename)%00%(upstream:remoteref) refs/heads/master refs/remotes/master [2ms]
2025-05-21 11:53:36.119 [info] > git status -z -uall [17ms]
2025-05-21 11:53:36.126 [info] > git for-each-ref --sort -committerdate --format %(refname)%00%(objectname)%00%(*objectname) [7ms]
2025-05-21 11:53:41.150 [info] > git config --get commit.template [9ms]
2025-05-21 11:53:41.150 [info] > git for-each-ref --format=%(refname)%00%(upstream:short)%00%(objectname)%00%(upstream:track)%00%(upstream:remotename)%00%(upstream:remoteref) refs/heads/master refs/remotes/master [1ms]
2025-05-21 11:53:41.161 [info] > git status -z -uall [5ms]
2025-05-21 11:53:41.162 [info] > git for-each-ref --sort -committerdate --format %(refname)%00%(objectname)%00%(*objectname) [1ms]
2025-05-21 11:53:46.670 [info] > git config --get commit.template [11ms]
2025-05-21 11:53:46.671 [info] > git for-each-ref --format=%(refname)%00%(upstream:short)%00%(objectname)%00%(upstream:track)%00%(upstream:remotename)%00%(upstream:remoteref) refs/heads/master refs/remotes/master [2ms]
2025-05-21 11:53:46.686 [info] > git status -z -uall [7ms]
2025-05-21 11:53:46.687 [info] > git for-each-ref --sort -committerdate --format %(refname)%00%(objectname)%00%(*objectname) [1ms]
2025-05-21 11:55:58.312 [info] > git config --get commit.template [9ms]
2025-05-21 11:55:58.313 [info] > git for-each-ref --format=%(refname)%00%(upstream:short)%00%(objectname)%00%(upstream:track)%00%(upstream:remotename)%00%(upstream:remoteref) refs/heads/master refs/remotes/master [2ms]
2025-05-21 11:55:58.327 [info] > git status -z -uall [6ms]
2025-05-21 11:55:58.328 [info] > git for-each-ref --sort -committerdate --format %(refname)%00%(objectname)%00%(*objectname) [2ms]
2025-05-21 11:56:03.355 [info] > git config --get commit.template [12ms]
2025-05-21 11:56:03.356 [info] > git for-each-ref --format=%(refname)%00%(upstream:short)%00%(objectname)%00%(upstream:track)%00%(upstream:remotename)%00%(upstream:remoteref) refs/heads/master refs/remotes/master [2ms]
2025-05-21 11:56:03.373 [info] > git status -z -uall [9ms]
2025-05-21 11:56:03.373 [info] > git for-each-ref --sort -committerdate --format %(refname)%00%(objectname)%00%(*objectname) [1ms]
2025-05-21 11:56:16.126 [info] > git config --get commit.template [13ms]
2025-05-21 11:56:16.127 [info] > git for-each-ref --format=%(refname)%00%(upstream:short)%00%(objectname)%00%(upstream:track)%00%(upstream:remotename)%00%(upstream:remoteref) refs/heads/master refs/remotes/master [2ms]
2025-05-21 11:56:16.144 [info] > git status -z -uall [9ms]
2025-05-21 11:56:16.147 [info] > git for-each-ref --sort -committerdate --format %(refname)%00%(objectname)%00%(*objectname) [3ms]
2025-05-21 11:56:33.628 [info] > git config --get commit.template [11ms]
2025-05-21 11:56:33.630 [info] > git for-each-ref --format=%(refname)%00%(upstream:short)%00%(objectname)%00%(upstream:track)%00%(upstream:remotename)%00%(upstream:remoteref) refs/heads/master refs/remotes/master [2ms]
2025-05-21 11:56:33.646 [info] > git status -z -uall [7ms]
2025-05-21 11:56:33.647 [info] > git for-each-ref --sort -committerdate --format %(refname)%00%(objectname)%00%(*objectname) [2ms]
2025-05-21 11:56:38.668 [info] > git config --get commit.template [10ms]
2025-05-21 11:56:38.669 [info] > git for-each-ref --format=%(refname)%00%(upstream:short)%00%(objectname)%00%(upstream:track)%00%(upstream:remotename)%00%(upstream:remoteref) refs/heads/master refs/remotes/master [2ms]
2025-05-21 11:56:38.684 [info] > git status -z -uall [8ms]
2025-05-21 11:56:38.685 [info] > git for-each-ref --sort -committerdate --format %(refname)%00%(objectname)%00%(*objectname) [2ms]
2025-05-21 11:56:43.713 [info] > git config --get commit.template [13ms]
2025-05-21 11:56:43.714 [info] > git for-each-ref --format=%(refname)%00%(upstream:short)%00%(objectname)%00%(upstream:track)%00%(upstream:remotename)%00%(upstream:remoteref) refs/heads/master refs/remotes/master [2ms]
2025-05-21 11:56:43.731 [info] > git status -z -uall [9ms]
2025-05-21 11:56:43.733 [info] > git for-each-ref --sort -committerdate --format %(refname)%00%(objectname)%00%(*objectname) [2ms]
2025-05-21 11:56:48.754 [info] > git config --get commit.template [3ms]
2025-05-21 11:56:48.765 [info] > git for-each-ref --format=%(refname)%00%(upstream:short)%00%(objectname)%00%(upstream:track)%00%(upstream:remotename)%00%(upstream:remoteref) refs/heads/master refs/remotes/master [1ms]
2025-05-21 11:56:48.780 [info] > git status -z -uall [9ms]
2025-05-21 11:56:48.781 [info] > git for-each-ref --sort -committerdate --format %(refname)%00%(objectname)%00%(*objectname) [2ms]
2025-05-21 11:56:55.155 [info] > git config --get commit.template [12ms]
2025-05-21 11:56:55.156 [info] > git for-each-ref --format=%(refname)%00%(upstream:short)%00%(objectname)%00%(upstream:track)%00%(upstream:remotename)%00%(upstream:remoteref) refs/heads/master refs/remotes/master [2ms]
2025-05-21 11:56:55.176 [info] > git status -z -uall [10ms]
2025-05-21 11:56:55.177 [info] > git for-each-ref --sort -committerdate --format %(refname)%00%(objectname)%00%(*objectname) [2ms]
2025-05-21 11:57:00.199 [info] > git config --get commit.template [7ms]
2025-05-21 11:57:00.199 [info] > git for-each-ref --format=%(refname)%00%(upstream:short)%00%(objectname)%00%(upstream:track)%00%(upstream:remotename)%00%(upstream:remoteref) refs/heads/master refs/remotes/master [1ms]
2025-05-21 11:57:00.209 [info] > git status -z -uall [5ms]
2025-05-21 11:57:00.210 [info] > git for-each-ref --sort -committerdate --format %(refname)%00%(objectname)%00%(*objectname) [1ms]
2025-05-21 11:57:49.016 [info] > git config --get commit.template [13ms]
2025-05-21 11:57:49.017 [info] > git for-each-ref --format=%(refname)%00%(upstream:short)%00%(objectname)%00%(upstream:track)%00%(upstream:remotename)%00%(upstream:remoteref) refs/heads/master refs/remotes/master [2ms]
2025-05-21 11:57:49.042 [info] > git status -z -uall [13ms]
2025-05-21 11:57:49.044 [info] > git for-each-ref --sort -committerdate --format %(refname)%00%(objectname)%00%(*objectname) [5ms]
2025-05-21 11:57:54.072 [info] > git config --get commit.template [12ms]
2025-05-21 11:57:54.074 [info] > git for-each-ref --format=%(refname)%00%(upstream:short)%00%(objectname)%00%(upstream:track)%00%(upstream:remotename)%00%(upstream:remoteref) refs/heads/master refs/remotes/master [3ms]
2025-05-21 11:57:54.086 [info] > git status -z -uall [6ms]
2025-05-21 11:57:54.087 [info] > git for-each-ref --sort -committerdate --format %(refname)%00%(objectname)%00%(*objectname) [2ms]
2025-05-21 11:57:59.114 [info] > git config --get commit.template [12ms]
2025-05-21 11:57:59.115 [info] > git for-each-ref --format=%(refname)%00%(upstream:short)%00%(objectname)%00%(upstream:track)%00%(upstream:remotename)%00%(upstream:remoteref) refs/heads/master refs/remotes/master [2ms]
2025-05-21 11:57:59.135 [info] > git status -z -uall [10ms]
2025-05-21 11:57:59.137 [info] > git for-each-ref --sort -committerdate --format %(refname)%00%(objectname)%00%(*objectname) [3ms]
2025-05-21 11:58:05.858 [info] > git config --get commit.template [12ms]
2025-05-21 11:58:05.858 [info] > git for-each-ref --format=%(refname)%00%(upstream:short)%00%(objectname)%00%(upstream:track)%00%(upstream:remotename)%00%(upstream:remoteref) refs/heads/master refs/remotes/master [1ms]
2025-05-21 11:58:05.873 [info] > git status -z -uall [8ms]
2025-05-21 11:58:05.874 [info] > git for-each-ref --sort -committerdate --format %(refname)%00%(objectname)%00%(*objectname) [2ms]
2025-05-21 11:58:10.899 [info] > git config --get commit.template [8ms]
2025-05-21 11:58:10.899 [info] > git for-each-ref --format=%(refname)%00%(upstream:short)%00%(objectname)%00%(upstream:track)%00%(upstream:remotename)%00%(upstream:remoteref) refs/heads/master refs/remotes/master [1ms]
2025-05-21 11:58:10.913 [info] > git status -z -uall [8ms]
2025-05-21 11:58:10.914 [info] > git for-each-ref --sort -committerdate --format %(refname)%00%(objectname)%00%(*objectname) [2ms]
2025-05-21 11:59:16.428 [info] > git config --get commit.template [14ms]
2025-05-21 11:59:16.431 [info] > git for-each-ref --format=%(refname)%00%(upstream:short)%00%(objectname)%00%(upstream:track)%00%(upstream:remotename)%00%(upstream:remoteref) refs/heads/master refs/remotes/master [4ms]
2025-05-21 11:59:16.446 [info] > git status -z -uall [6ms]
2025-05-21 11:59:16.447 [info] > git for-each-ref --sort -committerdate --format %(refname)%00%(objectname)%00%(*objectname) [1ms]
2025-05-21 11:59:21.476 [info] > git config --get commit.template [11ms]
2025-05-21 11:59:21.478 [info] > git for-each-ref --format=%(refname)%00%(upstream:short)%00%(objectname)%00%(upstream:track)%00%(upstream:remotename)%00%(upstream:remoteref) refs/heads/master refs/remotes/master [1ms]
2025-05-21 11:59:21.492 [info] > git status -z -uall [8ms]
2025-05-21 11:59:21.493 [info] > git for-each-ref --sort -committerdate --format %(refname)%00%(objectname)%00%(*objectname) [1ms]
2025-05-21 11:59:32.537 [info] > git config --get commit.template [1ms]
2025-05-21 11:59:32.545 [info] > git for-each-ref --format=%(refname)%00%(upstream:short)%00%(objectname)%00%(upstream:track)%00%(upstream:remotename)%00%(upstream:remoteref) refs/heads/master refs/remotes/master [1ms]
2025-05-21 11:59:32.563 [info] > git status -z -uall [10ms]
2025-05-21 11:59:32.564 [info] > git for-each-ref --sort -committerdate --format %(refname)%00%(objectname)%00%(*objectname) [2ms]
2025-05-21 11:59:32.923 [info] > git show --textconv :App/Python-Gaze-Face-Tracker/main.py [9ms]
2025-05-21 11:59:32.924 [warning] [GitFileSystemProvider][readFile] File not found - git:/root/Desktop/Environments/App/App/Python-Gaze-Face-Tracker/main.py.git?%7B%22path%22%3A%22%2Froot%2FDesktop%2FEnvironments%2FApp%2FApp%2FPython-Gaze-Face-Tracker%2Fmain.py%22%2C%22ref%22%3A%22%22%7D
2025-05-21 11:59:32.924 [info] > git ls-files --stage -- App/Python-Gaze-Face-Tracker/main.py [1ms]
2025-05-21 11:59:32.925 [warning] [GitFileSystemProvider][stat] File not found - git:/root/Desktop/Environments/App/App/Python-Gaze-Face-Tracker/main.py.git?%7B%22path%22%3A%22%2Froot%2FDesktop%2FEnvironments%2FApp%2FApp%2FPython-Gaze-Face-Tracker%2Fmain.py%22%2C%22ref%22%3A%22%22%7D
2025-05-21 11:59:37.592 [info] > git config --get commit.template [11ms]
2025-05-21 11:59:37.593 [info] > git for-each-ref --format=%(refname)%00%(upstream:short)%00%(objectname)%00%(upstream:track)%00%(upstream:remotename)%00%(upstream:remoteref) refs/heads/master refs/remotes/master [3ms]
2025-05-21 11:59:37.609 [info] > git status -z -uall [8ms]
2025-05-21 11:59:37.610 [info] > git for-each-ref --sort -committerdate --format %(refname)%00%(objectname)%00%(*objectname) [1ms]
2025-05-21 11:59:42.637 [info] > git config --get commit.template [12ms]
2025-05-21 11:59:42.638 [info] > git for-each-ref --format=%(refname)%00%(upstream:short)%00%(objectname)%00%(upstream:track)%00%(upstream:remotename)%00%(upstream:remoteref) refs/heads/master refs/remotes/master [2ms]
2025-05-21 11:59:42.653 [info] > git status -z -uall [7ms]
2025-05-21 11:59:42.654 [info] > git for-each-ref --sort -committerdate --format %(refname)%00%(objectname)%00%(*objectname) [1ms]
2025-05-21 11:59:47.670 [info] > git config --get commit.template [1ms]
2025-05-21 11:59:47.680 [info] > git for-each-ref --format=%(refname)%00%(upstream:short)%00%(objectname)%00%(upstream:track)%00%(upstream:remotename)%00%(upstream:remoteref) refs/heads/master refs/remotes/master [1ms]
2025-05-21 11:59:47.695 [info] > git status -z -uall [7ms]
2025-05-21 11:59:47.696 [info] > git for-each-ref --sort -committerdate --format %(refname)%00%(objectname)%00%(*objectname) [2ms]
2025-05-21 12:00:16.335 [info] > git config --get commit.template [12ms]
2025-05-21 12:00:16.336 [info] > git for-each-ref --format=%(refname)%00%(upstream:short)%00%(objectname)%00%(upstream:track)%00%(upstream:remotename)%00%(upstream:remoteref) refs/heads/master refs/remotes/master [2ms]
2025-05-21 12:00:16.355 [info] > git status -z -uall [9ms]
2025-05-21 12:00:16.357 [info] > git for-each-ref --sort -committerdate --format %(refname)%00%(objectname)%00%(*objectname) [3ms]
2025-05-21 12:00:21.387 [info] > git config --get commit.template [12ms]
2025-05-21 12:00:21.389 [info] > git for-each-ref --format=%(refname)%00%(upstream:short)%00%(objectname)%00%(upstream:track)%00%(upstream:remotename)%00%(upstream:remoteref) refs/heads/master refs/remotes/master [3ms]
2025-05-21 12:00:21.405 [info] > git status -z -uall [9ms]
2025-05-21 12:00:21.406 [info] > git for-each-ref --sort -committerdate --format %(refname)%00%(objectname)%00%(*objectname) [2ms]
2025-05-21 12:01:04.204 [info] > git config --get commit.template [8ms]
2025-05-21 12:01:04.205 [info] > git for-each-ref --format=%(refname)%00%(upstream:short)%00%(objectname)%00%(upstream:track)%00%(upstream:remotename)%00%(upstream:remoteref) refs/heads/master refs/remotes/master [2ms]
2025-05-21 12:01:04.218 [info] > git status -z -uall [7ms]
2025-05-21 12:01:04.218 [info] > git for-each-ref --sort -committerdate --format %(refname)%00%(objectname)%00%(*objectname) [1ms]
2025-05-21 12:01:11.517 [info] > git check-ignore -v -z --stdin [0ms]
2025-05-21 12:01:12.442 [info] > git config --get commit.template [7ms]
2025-05-21 12:01:12.442 [info] > git for-each-ref --format=%(refname)%00%(upstream:short)%00%(objectname)%00%(upstream:track)%00%(upstream:remotename)%00%(upstream:remoteref) refs/heads/master refs/remotes/master [1ms]
2025-05-21 12:01:12.455 [info] > git status -z -uall [7ms]
2025-05-21 12:01:12.457 [info] > git for-each-ref --sort -committerdate --format %(refname)%00%(objectname)%00%(*objectname) [3ms]
2025-05-21 12:01:20.578 [info] > git check-ignore -v -z --stdin [1ms]
2025-05-21 12:02:45.110 [info] > git config --get commit.template [12ms]
2025-05-21 12:02:45.111 [info] > git for-each-ref --format=%(refname)%00%(upstream:short)%00%(objectname)%00%(upstream:track)%00%(upstream:remotename)%00%(upstream:remoteref) refs/heads/master refs/remotes/master [2ms]
2025-05-21 12:02:45.129 [info] > git status -z -uall [11ms]
2025-05-21 12:02:45.131 [info] > git for-each-ref --sort -committerdate --format %(refname)%00%(objectname)%00%(*objectname) [3ms]
2025-05-21 12:02:50.158 [info] > git config --get commit.template [11ms]
2025-05-21 12:02:50.159 [info] > git for-each-ref --format=%(refname)%00%(upstream:short)%00%(objectname)%00%(upstream:track)%00%(upstream:remotename)%00%(upstream:remoteref) refs/heads/master refs/remotes/master [3ms]
2025-05-21 12:02:50.177 [info] > git status -z -uall [9ms]
2025-05-21 12:02:50.178 [info] > git for-each-ref --sort -committerdate --format %(refname)%00%(objectname)%00%(*objectname) [2ms]
2025-05-21 12:03:02.114 [info] > git config --get commit.template [12ms]
2025-05-21 12:03:02.115 [info] > git for-each-ref --format=%(refname)%00%(upstream:short)%00%(objectname)%00%(upstream:track)%00%(upstream:remotename)%00%(upstream:remoteref) refs/heads/master refs/remotes/master [2ms]
2025-05-21 12:03:02.138 [info] > git status -z -uall [13ms]
2025-05-21 12:03:02.140 [info] > git for-each-ref --sort -committerdate --format %(refname)%00%(objectname)%00%(*objectname) [6ms]
2025-05-21 12:03:17.791 [info] > git config --get commit.template [11ms]
2025-05-21 12:03:17.791 [info] > git for-each-ref --format=%(refname)%00%(upstream:short)%00%(objectname)%00%(upstream:track)%00%(upstream:remotename)%00%(upstream:remoteref) refs/heads/master refs/remotes/master [1ms]
2025-05-21 12:03:17.805 [info] > git status -z -uall [7ms]
2025-05-21 12:03:17.807 [info] > git for-each-ref --sort -committerdate --format %(refname)%00%(objectname)%00%(*objectname) [2ms]
2025-05-21 12:03:22.831 [info] > git config --get commit.template [11ms]
2025-05-21 12:03:22.831 [info] > git for-each-ref --format=%(refname)%00%(upstream:short)%00%(objectname)%00%(upstream:track)%00%(upstream:remotename)%00%(upstream:remoteref) refs/heads/master refs/remotes/master [1ms]
2025-05-21 12:03:22.847 [info] > git status -z -uall [9ms]
2025-05-21 12:03:22.848 [info] > git for-each-ref --sort -committerdate --format %(refname)%00%(objectname)%00%(*objectname) [2ms]
2025-05-21 14:48:30.974 [info] > git config --get commit.template [11ms]
2025-05-21 14:48:30.974 [info] > git for-each-ref --format=%(refname)%00%(upstream:short)%00%(objectname)%00%(upstream:track)%00%(upstream:remotename)%00%(upstream:remoteref) refs/heads/master refs/remotes/master [1ms]
2025-05-21 14:48:30.992 [info] > git status -z -uall [10ms]
2025-05-21 14:48:30.993 [info] > git for-each-ref --sort -committerdate --format %(refname)%00%(objectname)%00%(*objectname) [2ms]
2025-05-21 14:48:47.126 [info] > git check-ignore -v -z --stdin [0ms]
2025-05-21 14:48:50.055 [info] > git config --get commit.template [13ms]
2025-05-21 14:48:50.055 [info] > git for-each-ref --format=%(refname)%00%(upstream:short)%00%(objectname)%00%(upstream:track)%00%(upstream:remotename)%00%(upstream:remoteref) refs/heads/master refs/remotes/master [1ms]
2025-05-21 14:48:50.079 [info] > git status -z -uall [14ms]
2025-05-21 14:48:50.080 [info] > git for-each-ref --sort -committerdate --format %(refname)%00%(objectname)%00%(*objectname) [3ms]
2025-05-21 14:48:55.113 [info] > git config --get commit.template [14ms]
2025-05-21 14:48:55.113 [info] > git for-each-ref --format=%(refname)%00%(upstream:short)%00%(objectname)%00%(upstream:track)%00%(upstream:remotename)%00%(upstream:remoteref) refs/heads/master refs/remotes/master [2ms]
2025-05-21 14:48:55.129 [info] > git status -z -uall [8ms]
2025-05-21 14:48:55.130 [info] > git for-each-ref --sort -committerdate --format %(refname)%00%(objectname)%00%(*objectname) [2ms]
2025-05-21 15:21:27.053 [info] > git config --get commit.template [9ms]
2025-05-21 15:21:27.053 [info] > git for-each-ref --format=%(refname)%00%(upstream:short)%00%(objectname)%00%(upstream:track)%00%(upstream:remotename)%00%(upstream:remoteref) refs/heads/master refs/remotes/master [1ms]
2025-05-21 15:21:27.074 [info] > git status -z -uall [12ms]
2025-05-21 15:21:27.077 [info] > git for-each-ref --sort -committerdate --format %(refname)%00%(objectname)%00%(*objectname) [3ms]
2025-05-21 15:21:32.109 [info] > git config --get commit.template [13ms]
2025-05-21 15:21:32.110 [info] > git for-each-ref --format=%(refname)%00%(upstream:short)%00%(objectname)%00%(upstream:track)%00%(upstream:remotename)%00%(upstream:remoteref) refs/heads/master refs/remotes/master [2ms]
2025-05-21 15:21:32.128 [info] > git status -z -uall [8ms]
2025-05-21 15:21:32.128 [info] > git for-each-ref --sort -committerdate --format %(refname)%00%(objectname)%00%(*objectname) [1ms]
2025-05-21 15:21:47.484 [info] > git config --get commit.template [11ms]
2025-05-21 15:21:47.484 [info] > git for-each-ref --format=%(refname)%00%(upstream:short)%00%(objectname)%00%(upstream:track)%00%(upstream:remotename)%00%(upstream:remoteref) refs/heads/master refs/remotes/master [2ms]
2025-05-21 15:21:47.504 [info] > git status -z -uall [10ms]
2025-05-21 15:21:47.506 [info] > git for-each-ref --sort -committerdate --format %(refname)%00%(objectname)%00%(*objectname) [3ms]
2025-05-21 15:26:54.562 [info] > git config --get commit.template [12ms]
2025-05-21 15:26:54.562 [info] > git for-each-ref --format=%(refname)%00%(upstream:short)%00%(objectname)%00%(upstream:track)%00%(upstream:remotename)%00%(upstream:remoteref) refs/heads/master refs/remotes/master [1ms]
2025-05-21 15:26:54.580 [info] > git status -z -uall [10ms]
2025-05-21 15:26:54.581 [info] > git for-each-ref --sort -committerdate --format %(refname)%00%(objectname)%00%(*objectname) [2ms]
2025-05-21 15:26:58.658 [info] > git show --textconv :App/main.py [19ms]
2025-05-21 15:26:58.661 [info] > git ls-files --stage -- App/main.py [3ms]
2025-05-21 15:26:58.681 [info] > git cat-file -s eecbb70dcce9aba3dff098ea0a2fe0338dd0db75 [4ms]
2025-05-21 15:26:59.246 [info] > git blame --root --incremental 091909000de86dba2e0c73b140659901132f7e35 -- App/main.py [2ms]
2025-05-21 15:26:59.612 [info] > git config --get commit.template [13ms]
2025-05-21 15:26:59.615 [info] > git for-each-ref --format=%(refname)%00%(upstream:short)%00%(objectname)%00%(upstream:track)%00%(upstream:remotename)%00%(upstream:remoteref) refs/heads/master refs/remotes/master [4ms]
2025-05-21 15:26:59.637 [info] > git status -z -uall [9ms]
2025-05-21 15:26:59.640 [info] > git for-each-ref --sort -committerdate --format %(refname)%00%(objectname)%00%(*objectname) [3ms]
2025-05-21 15:28:45.094 [info] > git config --get commit.template [19ms]
2025-05-21 15:28:45.095 [info] > git for-each-ref --format=%(refname)%00%(upstream:short)%00%(objectname)%00%(upstream:track)%00%(upstream:remotename)%00%(upstream:remoteref) refs/heads/master refs/remotes/master [2ms]
2025-05-21 15:28:45.124 [info] > git status -z -uall [17ms]
2025-05-21 15:28:45.126 [info] > git for-each-ref --sort -committerdate --format %(refname)%00%(objectname)%00%(*objectname) [6ms]
2025-05-21 15:28:50.150 [info] > git config --get commit.template [10ms]
2025-05-21 15:28:50.151 [info] > git for-each-ref --format=%(refname)%00%(upstream:short)%00%(objectname)%00%(upstream:track)%00%(upstream:remotename)%00%(upstream:remoteref) refs/heads/master refs/remotes/master [2ms]
2025-05-21 15:28:50.167 [info] > git status -z -uall [8ms]
2025-05-21 15:28:50.168 [info] > git for-each-ref --sort -committerdate --format %(refname)%00%(objectname)%00%(*objectname) [1ms]
2025-05-21 15:28:55.187 [info] > git config --get commit.template [7ms]
2025-05-21 15:28:55.188 [info] > git for-each-ref --format=%(refname)%00%(upstream:short)%00%(objectname)%00%(upstream:track)%00%(upstream:remotename)%00%(upstream:remoteref) refs/heads/master refs/remotes/master [1ms]
2025-05-21 15:28:55.204 [info] > git status -z -uall [9ms]
2025-05-21 15:28:55.205 [info] > git for-each-ref --sort -committerdate --format %(refname)%00%(objectname)%00%(*objectname) [2ms]
2025-05-21 15:29:17.183 [info] > git config --get commit.template [14ms]
2025-05-21 15:29:17.184 [info] > git for-each-ref --format=%(refname)%00%(upstream:short)%00%(objectname)%00%(upstream:track)%00%(upstream:remotename)%00%(upstream:remoteref) refs/heads/master refs/remotes/master [1ms]
2025-05-21 15:29:17.210 [info] > git status -z -uall [12ms]
2025-05-21 15:29:17.212 [info] > git for-each-ref --sort -committerdate --format %(refname)%00%(objectname)%00%(*objectname) [3ms]
2025-05-21 15:29:54.872 [info] > git check-ignore -v -z --stdin [1ms]
2025-05-21 15:29:57.928 [info] > git check-ignore -v -z --stdin [3ms]
2025-05-21 15:30:41.142 [info] > git check-ignore -v -z --stdin [1ms]
2025-05-21 15:35:00.544 [info] > git config --get commit.template [18ms]
2025-05-21 15:35:00.545 [info] > git for-each-ref --format=%(refname)%00%(upstream:short)%00%(objectname)%00%(upstream:track)%00%(upstream:remotename)%00%(upstream:remoteref) refs/heads/master refs/remotes/master [3ms]
2025-05-21 15:35:00.578 [info] > git status -z -uall [17ms]
2025-05-21 15:35:00.580 [info] > git for-each-ref --sort -committerdate --format %(refname)%00%(objectname)%00%(*objectname) [5ms]
2025-05-21 15:35:05.615 [info] > git config --get commit.template [15ms]
2025-05-21 15:35:05.616 [info] > git for-each-ref --format=%(refname)%00%(upstream:short)%00%(objectname)%00%(upstream:track)%00%(upstream:remotename)%00%(upstream:remoteref) refs/heads/master refs/remotes/master [4ms]
2025-05-21 15:35:05.636 [info] > git status -z -uall [10ms]
2025-05-21 15:35:05.637 [info] > git for-each-ref --sort -committerdate --format %(refname)%00%(objectname)%00%(*objectname) [2ms]
2025-05-21 15:35:10.667 [info] > git config --get commit.template [13ms]
2025-05-21 15:35:10.668 [info] > git for-each-ref --format=%(refname)%00%(upstream:short)%00%(objectname)%00%(upstream:track)%00%(upstream:remotename)%00%(upstream:remoteref) refs/heads/master refs/remotes/master [2ms]
2025-05-21 15:35:10.684 [info] > git status -z -uall [7ms]
2025-05-21 15:35:10.685 [info] > git for-each-ref --sort -committerdate --format %(refname)%00%(objectname)%00%(*objectname) [1ms]
2025-05-21 15:35:15.713 [info] > git config --get commit.template [12ms]
2025-05-21 15:35:15.714 [info] > git for-each-ref --format=%(refname)%00%(upstream:short)%00%(objectname)%00%(upstream:track)%00%(upstream:remotename)%00%(upstream:remoteref) refs/heads/master refs/remotes/master [2ms]
2025-05-21 15:35:15.728 [info] > git status -z -uall [7ms]
2025-05-21 15:35:15.729 [info] > git for-each-ref --sort -committerdate --format %(refname)%00%(objectname)%00%(*objectname) [1ms]
2025-05-21 15:35:50.879 [info] > git config --get commit.template [9ms]
2025-05-21 15:35:50.879 [info] > git for-each-ref --format=%(refname)%00%(upstream:short)%00%(objectname)%00%(upstream:track)%00%(upstream:remotename)%00%(upstream:remoteref) refs/heads/master refs/remotes/master [1ms]
2025-05-21 15:35:50.894 [info] > git status -z -uall [7ms]
2025-05-21 15:35:50.895 [info] > git for-each-ref --sort -committerdate --format %(refname)%00%(objectname)%00%(*objectname) [2ms]
2025-05-21 15:35:55.916 [info] > git config --get commit.template [7ms]
2025-05-21 15:35:55.916 [info] > git for-each-ref --format=%(refname)%00%(upstream:short)%00%(objectname)%00%(upstream:track)%00%(upstream:remotename)%00%(upstream:remoteref) refs/heads/master refs/remotes/master [1ms]
2025-05-21 15:35:55.929 [info] > git status -z -uall [7ms]
2025-05-21 15:35:55.929 [info] > git for-each-ref --sort -committerdate --format %(refname)%00%(objectname)%00%(*objectname) [1ms]
2025-05-21 15:49:11.465 [info] > git config --get commit.template [11ms]
2025-05-21 15:49:11.466 [info] > git for-each-ref --format=%(refname)%00%(upstream:short)%00%(objectname)%00%(upstream:track)%00%(upstream:remotename)%00%(upstream:remoteref) refs/heads/master refs/remotes/master [0ms]
2025-05-21 15:49:11.481 [info] > git status -z -uall [8ms]
2025-05-21 15:49:11.483 [info] > git for-each-ref --sort -committerdate --format %(refname)%00%(objectname)%00%(*objectname) [2ms]
2025-05-21 16:20:33.678 [info] > git config --get commit.template [16ms]
2025-05-21 16:20:33.680 [info] > git for-each-ref --format=%(refname)%00%(upstream:short)%00%(objectname)%00%(upstream:track)%00%(upstream:remotename)%00%(upstream:remoteref) refs/heads/master refs/remotes/master [3ms]
2025-05-21 16:20:33.715 [info] > git status -z -uall [20ms]
2025-05-21 16:20:33.717 [info] > git for-each-ref --sort -committerdate --format %(refname)%00%(objectname)%00%(*objectname) [3ms]
2025-05-21 16:22:09.688 [info] > git check-ignore -v -z --stdin [1ms]
2025-05-21 16:22:22.087 [info] > git config --get commit.template [18ms]
2025-05-21 16:22:22.087 [info] > git for-each-ref --format=%(refname)%00%(upstream:short)%00%(objectname)%00%(upstream:track)%00%(upstream:remotename)%00%(upstream:remoteref) refs/heads/master refs/remotes/master [1ms]
2025-05-21 16:22:22.116 [info] > git status -z -uall [16ms]
2025-05-21 16:22:22.117 [info] > git for-each-ref --sort -committerdate --format %(refname)%00%(objectname)%00%(*objectname) [2ms]
2025-05-21 16:22:27.358 [info] > git config --get commit.template [1ms]
2025-05-21 16:22:27.368 [info] > git for-each-ref --format=%(refname)%00%(upstream:short)%00%(objectname)%00%(upstream:track)%00%(upstream:remotename)%00%(upstream:remoteref) refs/heads/master refs/remotes/master [1ms]
2025-05-21 16:22:27.385 [info] > git status -z -uall [10ms]
2025-05-21 16:22:27.387 [info] > git for-each-ref --sort -committerdate --format %(refname)%00%(objectname)%00%(*objectname) [3ms]
2025-05-21 16:24:36.053 [info] > git config --get commit.template [8ms]
2025-05-21 16:24:36.062 [info] > git ls-files --stage -- App/main.py [10ms]
2025-05-21 16:24:36.070 [info] > git for-each-ref --format=%(refname)%00%(upstream:short)%00%(objectname)%00%(upstream:track)%00%(upstream:remotename)%00%(upstream:remoteref) refs/heads/master refs/remotes/master [8ms]
2025-05-21 16:24:36.083 [info] > git status -z -uall [7ms]
2025-05-21 16:24:36.084 [info] > git cat-file -s 30a0747b2628dee07d09892b8c83d42dc2cef974 [14ms]
2025-05-21 16:24:36.085 [info] > git for-each-ref --sort -committerdate --format %(refname)%00%(objectname)%00%(*objectname) [2ms]
2025-05-21 16:24:36.109 [info] > git show --textconv :App/main.py [2ms]
2025-05-21 16:24:36.109 [info] > git blame --root --incremental 0be5f1812ea353d416d716dacb07dc88b45c0e11 -- App/main.py [12ms]
2025-05-21 16:24:56.572 [info] > git config --get commit.template [16ms]
2025-05-21 16:24:56.573 [info] > git for-each-ref --format=%(refname)%00%(upstream:short)%00%(objectname)%00%(upstream:track)%00%(upstream:remotename)%00%(upstream:remoteref) refs/heads/master refs/remotes/master [3ms]
2025-05-21 16:24:56.607 [info] > git status -z -uall [16ms]
2025-05-21 16:24:56.609 [info] > git for-each-ref --sort -committerdate --format %(refname)%00%(objectname)%00%(*objectname) [3ms]
2025-05-21 16:25:00.006 [info] > git show --textconv :App/name_call.py [10ms]
2025-05-21 16:25:00.007 [info] > git ls-files --stage -- App/name_call.py [2ms]
2025-05-21 16:25:00.017 [info] > git cat-file -s c4cbe280aa97c789908244ed0a2d3f20a614e5f4 [1ms]
2025-05-21 16:25:00.805 [info] > git blame --root --incremental 0be5f1812ea353d416d716dacb07dc88b45c0e11 -- App/name_call.py [1ms]
2025-05-21 16:25:01.636 [info] > git config --get commit.template [9ms]
2025-05-21 16:25:01.637 [info] > git for-each-ref --format=%(refname)%00%(upstream:short)%00%(objectname)%00%(upstream:track)%00%(upstream:remotename)%00%(upstream:remoteref) refs/heads/master refs/remotes/master [1ms]
2025-05-21 16:25:01.654 [info] > git status -z -uall [9ms]
2025-05-21 16:25:01.654 [info] > git for-each-ref --sort -committerdate --format %(refname)%00%(objectname)%00%(*objectname) [1ms]
2025-05-21 16:25:06.686 [info] > git config --get commit.template [15ms]
2025-05-21 16:25:06.687 [info] > git for-each-ref --format=%(refname)%00%(upstream:short)%00%(objectname)%00%(upstream:track)%00%(upstream:remotename)%00%(upstream:remoteref) refs/heads/master refs/remotes/master [3ms]
2025-05-21 16:25:06.702 [info] > git status -z -uall [7ms]
2025-05-21 16:25:06.703 [info] > git for-each-ref --sort -committerdate --format %(refname)%00%(objectname)%00%(*objectname) [1ms]
2025-05-21 16:29:17.692 [info] > git config --get commit.template [16ms]
2025-05-21 16:29:17.694 [info] > git for-each-ref --format=%(refname)%00%(upstream:short)%00%(objectname)%00%(upstream:track)%00%(upstream:remotename)%00%(upstream:remoteref) refs/heads/master refs/remotes/master [3ms]
2025-05-21 16:29:17.722 [info] > git status -z -uall [13ms]
2025-05-21 16:29:17.724 [info] > git for-each-ref --sort -committerdate --format %(refname)%00%(objectname)%00%(*objectname) [3ms]
2025-05-21 16:29:22.757 [info] > git config --get commit.template [12ms]
2025-05-21 16:29:22.759 [info] > git for-each-ref --format=%(refname)%00%(upstream:short)%00%(objectname)%00%(upstream:track)%00%(upstream:remotename)%00%(upstream:remoteref) refs/heads/master refs/remotes/master [3ms]
2025-05-21 16:29:22.776 [info] > git status -z -uall [9ms]
2025-05-21 16:29:22.777 [info] > git for-each-ref --sort -committerdate --format %(refname)%00%(objectname)%00%(*objectname) [1ms]
2025-05-21 16:29:23.036 [info] > git show --textconv :App/game.py [9ms]
2025-05-21 16:29:23.037 [info] > git ls-files --stage -- App/game.py [1ms]
2025-05-21 16:29:23.047 [info] > git cat-file -s f73c5b0ccf5ffde39f92c207727473fd8fd47d9d [2ms]
2025-05-21 16:29:27.807 [info] > git config --get commit.template [14ms]
2025-05-21 16:29:27.808 [info] > git for-each-ref --format=%(refname)%00%(upstream:short)%00%(objectname)%00%(upstream:track)%00%(upstream:remotename)%00%(upstream:remoteref) refs/heads/master refs/remotes/master [2ms]
2025-05-21 16:29:27.827 [info] > git status -z -uall [9ms]
2025-05-21 16:29:27.828 [info] > git for-each-ref --sort -committerdate --format %(refname)%00%(objectname)%00%(*objectname) [2ms]
2025-05-21 16:29:32.006 [info] > git show --textconv :App/info.py [10ms]
2025-05-21 16:29:32.008 [info] > git ls-files --stage -- App/info.py [2ms]
2025-05-21 16:29:32.019 [info] > git cat-file -s f6e9c6236f70f49f3d9f74c30c6cb7793c7d45a6 [1ms]
2025-05-21 16:29:32.849 [info] > git config --get commit.template [11ms]
2025-05-21 16:29:32.850 [info] > git for-each-ref --format=%(refname)%00%(upstream:short)%00%(objectname)%00%(upstream:track)%00%(upstream:remotename)%00%(upstream:remoteref) refs/heads/master refs/remotes/master [1ms]
2025-05-21 16:29:32.868 [info] > git for-each-ref --sort -committerdate --format %(refname)%00%(objectname)%00%(*objectname) [1ms]
2025-05-21 16:29:32.868 [info] > git status -z -uall [9ms]
2025-05-21 16:29:37.894 [info] > git config --get commit.template [11ms]
2025-05-21 16:29:37.895 [info] > git for-each-ref --format=%(refname)%00%(upstream:short)%00%(objectname)%00%(upstream:track)%00%(upstream:remotename)%00%(upstream:remoteref) refs/heads/master refs/remotes/master [1ms]
2025-05-21 16:29:37.910 [info] > git for-each-ref --sort -committerdate --format %(refname)%00%(objectname)%00%(*objectname) [1ms]
2025-05-21 16:29:37.912 [info] > git status -z -uall [9ms]
2025-05-21 16:31:06.563 [info] > git config --get commit.template [15ms]
2025-05-21 16:31:06.563 [info] > git for-each-ref --format=%(refname)%00%(upstream:short)%00%(objectname)%00%(upstream:track)%00%(upstream:remotename)%00%(upstream:remoteref) refs/heads/master refs/remotes/master [1ms]
2025-05-21 16:31:06.586 [info] > git for-each-ref --sort -committerdate --format %(refname)%00%(objectname)%00%(*objectname) [2ms]
2025-05-21 16:31:06.586 [info] > git status -z -uall [11ms]
2025-05-21 16:31:25.954 [info] > git config --get commit.template [18ms]
2025-05-21 16:31:25.954 [info] > git for-each-ref --format=%(refname)%00%(upstream:short)%00%(objectname)%00%(upstream:track)%00%(upstream:remotename)%00%(upstream:remoteref) refs/heads/master refs/remotes/master [2ms]
2025-05-21 16:31:25.984 [info] > git status -z -uall [16ms]
2025-05-21 16:31:25.986 [info] > git for-each-ref --sort -committerdate --format %(refname)%00%(objectname)%00%(*objectname) [4ms]
2025-05-21 16:31:27.616 [info] > git blame --root --incremental 0be5f1812ea353d416d716dacb07dc88b45c0e11 -- App/info.py [2ms]
2025-05-21 16:31:32.010 [info] > git show --textconv :App/name_call.py [9ms]
2025-05-21 16:31:32.010 [info] > git ls-files --stage -- App/name_call.py [1ms]
2025-05-21 16:31:32.018 [info] > git cat-file -s c4cbe280aa97c789908244ed0a2d3f20a614e5f4 [1ms]
2025-05-21 16:31:32.894 [info] > git config --get commit.template [11ms]
2025-05-21 16:31:32.894 [info] > git for-each-ref --format=%(refname)%00%(upstream:short)%00%(objectname)%00%(upstream:track)%00%(upstream:remotename)%00%(upstream:remoteref) refs/heads/master refs/remotes/master [1ms]
2025-05-21 16:31:32.912 [info] > git for-each-ref --sort -committerdate --format %(refname)%00%(objectname)%00%(*objectname) [1ms]
2025-05-21 16:31:32.914 [info] > git status -z -uall [10ms]
2025-05-21 16:31:36.157 [info] > git show --textconv :App/main.py [12ms]
2025-05-21 16:31:36.157 [info] > git ls-files --stage -- App/main.py [1ms]
2025-05-21 16:31:36.166 [info] > git cat-file -s 30a0747b2628dee07d09892b8c83d42dc2cef974 [1ms]
2025-05-21 16:31:36.742 [info] > git show --textconv :App/name_call.py [8ms]
2025-05-21 16:31:36.743 [info] > git ls-files --stage -- App/name_call.py [1ms]
2025-05-21 16:31:36.751 [info] > git cat-file -s c4cbe280aa97c789908244ed0a2d3f20a614e5f4 [1ms]
2025-05-21 16:31:47.552 [info] > git show --textconv :App/name.py [10ms]
2025-05-21 16:31:47.553 [warning] [GitFileSystemProvider][readFile] File not found - git:/root/Desktop/Environments/App/App/name.py.git?%7B%22path%22%3A%22%2Froot%2FDesktop%2FEnvironments%2FApp%2FApp%2Fname.py%22%2C%22ref%22%3A%22%22%7D
2025-05-21 16:31:47.554 [info] > git ls-files --stage -- App/name.py [3ms]
2025-05-21 16:31:47.554 [warning] [GitFileSystemProvider][stat] File not found - git:/root/Desktop/Environments/App/App/name.py.git?%7B%22path%22%3A%22%2Froot%2FDesktop%2FEnvironments%2FApp%2FApp%2Fname.py%22%2C%22ref%22%3A%22%22%7D
2025-05-21 16:31:47.563 [info] > git blame --root --incremental 0be5f1812ea353d416d716dacb07dc88b45c0e11 -- App/name.py [1ms]
2025-05-21 16:31:47.563 [info] fatal: no such path App/name.py in 0be5f1812ea353d416d716dacb07dc88b45c0e11
2025-05-21 16:31:47.843 [info] > git check-ignore -v -z --stdin [2ms]
2025-05-21 16:31:49.046 [info] > git config --get commit.template [1ms]
2025-05-21 16:31:49.055 [info] > git for-each-ref --format=%(refname)%00%(upstream:short)%00%(objectname)%00%(upstream:track)%00%(upstream:remotename)%00%(upstream:remoteref) refs/heads/master refs/remotes/master [1ms]
2025-05-21 16:31:49.071 [info] > git status -z -uall [9ms]
2025-05-21 16:31:49.072 [info] > git for-each-ref --sort -committerdate --format %(refname)%00%(objectname)%00%(*objectname) [2ms]
2025-05-21 16:31:56.453 [info] > git config --get commit.template [9ms]
2025-05-21 16:31:56.454 [info] > git for-each-ref --format=%(refname)%00%(upstream:short)%00%(objectname)%00%(upstream:track)%00%(upstream:remotename)%00%(upstream:remoteref) refs/heads/master refs/remotes/master [1ms]
2025-05-21 16:31:56.469 [info] > git for-each-ref --sort -committerdate --format %(refname)%00%(objectname)%00%(*objectname) [1ms]
2025-05-21 16:31:56.470 [info] > git status -z -uall [9ms]
2025-05-21 16:32:01.496 [info] > git config --get commit.template [12ms]
2025-05-21 16:32:01.497 [info] > git for-each-ref --format=%(refname)%00%(upstream:short)%00%(objectname)%00%(upstream:track)%00%(upstream:remotename)%00%(upstream:remoteref) refs/heads/master refs/remotes/master [2ms]
2025-05-21 16:32:01.513 [info] > git for-each-ref --sort -committerdate --format %(refname)%00%(objectname)%00%(*objectname) [1ms]
2025-05-21 16:32:01.516 [info] > git status -z -uall [10ms]
2025-05-21 16:32:31.891 [info] > git config --get commit.template [9ms]
2025-05-21 16:32:31.892 [info] > git for-each-ref --format=%(refname)%00%(upstream:short)%00%(objectname)%00%(upstream:track)%00%(upstream:remotename)%00%(upstream:remoteref) refs/heads/master refs/remotes/master [2ms]
2025-05-21 16:32:31.907 [info] > git status -z -uall [8ms]
2025-05-21 16:32:31.908 [info] > git for-each-ref --sort -committerdate --format %(refname)%00%(objectname)%00%(*objectname) [2ms]
2025-05-21 16:32:36.923 [info] > git config --get commit.template [7ms]
2025-05-21 16:32:36.923 [info] > git for-each-ref --format=%(refname)%00%(upstream:short)%00%(objectname)%00%(upstream:track)%00%(upstream:remotename)%00%(upstream:remoteref) refs/heads/master refs/remotes/master [1ms]
2025-05-21 16:32:36.936 [info] > git for-each-ref --sort -committerdate --format %(refname)%00%(objectname)%00%(*objectname) [0ms]
2025-05-21 16:32:36.936 [info] > git status -z -uall [7ms]
2025-05-21 16:32:44.065 [info] > git config --get commit.template [13ms]
2025-05-21 16:32:44.066 [info] > git for-each-ref --format=%(refname)%00%(upstream:short)%00%(objectname)%00%(upstream:track)%00%(upstream:remotename)%00%(upstream:remoteref) refs/heads/master refs/remotes/master [2ms]
2025-05-21 16:32:44.084 [info] > git for-each-ref --sort -committerdate --format %(refname)%00%(objectname)%00%(*objectname) [0ms]
2025-05-21 16:32:44.086 [info] > git status -z -uall [11ms]
2025-05-21 16:32:55.949 [info] > git config --get commit.template [14ms]
2025-05-21 16:32:55.950 [info] > git for-each-ref --format=%(refname)%00%(upstream:short)%00%(objectname)%00%(upstream:track)%00%(upstream:remotename)%00%(upstream:remoteref) refs/heads/master refs/remotes/master [2ms]
2025-05-21 16:32:55.970 [info] > git for-each-ref --sort -committerdate --format %(refname)%00%(objectname)%00%(*objectname) [1ms]
2025-05-21 16:32:55.972 [info] > git status -z -uall [11ms]
2025-05-21 16:33:06.110 [info] > git config --get commit.template [2ms]
2025-05-21 16:33:06.127 [info] > git for-each-ref --format=%(refname)%00%(upstream:short)%00%(objectname)%00%(upstream:track)%00%(upstream:remotename)%00%(upstream:remoteref) refs/heads/master refs/remotes/master [3ms]
2025-05-21 16:33:06.144 [info] > git for-each-ref --sort -committerdate --format %(refname)%00%(objectname)%00%(*objectname) [1ms]
2025-05-21 16:33:06.145 [info] > git status -z -uall [9ms]
2025-05-21 16:33:11.163 [info] > git config --get commit.template [8ms]
2025-05-21 16:33:11.164 [info] > git for-each-ref --format=%(refname)%00%(upstream:short)%00%(objectname)%00%(upstream:track)%00%(upstream:remotename)%00%(upstream:remoteref) refs/heads/master refs/remotes/master [1ms]
2025-05-21 16:33:11.179 [info] > git status -z -uall [9ms]
2025-05-21 16:33:11.180 [info] > git for-each-ref --sort -committerdate --format %(refname)%00%(objectname)%00%(*objectname) [2ms]
2025-05-21 16:34:04.525 [info] > git config --get commit.template [21ms]
2025-05-21 16:34:04.525 [info] > git for-each-ref --format=%(refname)%00%(upstream:short)%00%(objectname)%00%(upstream:track)%00%(upstream:remotename)%00%(upstream:remoteref) refs/heads/master refs/remotes/master [3ms]
2025-05-21 16:34:04.557 [info] > git status -z -uall [19ms]
2025-05-21 16:34:04.558 [info] > git for-each-ref --sort -committerdate --format %(refname)%00%(objectname)%00%(*objectname) [3ms]
2025-05-21 16:34:09.586 [info] > git config --get commit.template [10ms]
2025-05-21 16:34:09.587 [info] > git for-each-ref --format=%(refname)%00%(upstream:short)%00%(objectname)%00%(upstream:track)%00%(upstream:remotename)%00%(upstream:remoteref) refs/heads/master refs/remotes/master [1ms]
2025-05-21 16:34:09.603 [info] > git status -z -uall [10ms]
2025-05-21 16:34:09.603 [info] > git for-each-ref --sort -committerdate --format %(refname)%00%(objectname)%00%(*objectname) [2ms]
2025-05-21 16:35:49.323 [info] > git config --get commit.template [8ms]
2025-05-21 16:35:49.341 [info] > git for-each-ref --format=%(refname)%00%(upstream:short)%00%(objectname)%00%(upstream:track)%00%(upstream:remotename)%00%(upstream:remoteref) refs/heads/master refs/remotes/master [3ms]
2025-05-21 16:35:49.377 [info] > git status -z -uall [16ms]
2025-05-21 16:35:49.378 [info] > git for-each-ref --sort -committerdate --format %(refname)%00%(objectname)%00%(*objectname) [3ms]
2025-05-21 16:35:55.998 [info] > git config --get commit.template [8ms]
2025-05-21 16:35:55.999 [info] > git for-each-ref --format=%(refname)%00%(upstream:short)%00%(objectname)%00%(upstream:track)%00%(upstream:remotename)%00%(upstream:remoteref) refs/heads/master refs/remotes/master [2ms]
2025-05-21 16:35:56.013 [info] > git for-each-ref --sort -committerdate --format %(refname)%00%(objectname)%00%(*objectname) [1ms]
2025-05-21 16:35:56.014 [info] > git status -z -uall [8ms]
2025-05-21 16:37:37.169 [info] > git check-ignore -v -z --stdin [3ms]
2025-05-21 16:37:49.498 [info] > git check-ignore -v -z --stdin [2ms]
2025-05-21 16:37:51.234 [info] > git config --get commit.template [13ms]
2025-05-21 16:37:51.234 [info] > git for-each-ref --format=%(refname)%00%(upstream:short)%00%(objectname)%00%(upstream:track)%00%(upstream:remotename)%00%(upstream:remoteref) refs/heads/master refs/remotes/master [1ms]
2025-05-21 16:37:51.254 [info] > git status -z -uall [9ms]
2025-05-21 16:37:51.255 [info] > git for-each-ref --sort -committerdate --format %(refname)%00%(objectname)%00%(*objectname) [2ms]
2025-05-21 16:37:56.273 [info] > git config --get commit.template [2ms]
2025-05-21 16:37:56.284 [info] > git for-each-ref --format=%(refname)%00%(upstream:short)%00%(objectname)%00%(upstream:track)%00%(upstream:remotename)%00%(upstream:remoteref) refs/heads/master refs/remotes/master [1ms]
2025-05-21 16:37:56.301 [info] > git status -z -uall [8ms]
2025-05-21 16:37:56.302 [info] > git for-each-ref --sort -committerdate --format %(refname)%00%(objectname)%00%(*objectname) [1ms]
2025-05-21 16:38:04.795 [info] > git config --get commit.template [17ms]
2025-05-21 16:38:04.795 [info] > git for-each-ref --format=%(refname)%00%(upstream:short)%00%(objectname)%00%(upstream:track)%00%(upstream:remotename)%00%(upstream:remoteref) refs/heads/master refs/remotes/master [1ms]
2025-05-21 16:38:04.818 [info] > git status -z -uall [11ms]
2025-05-21 16:38:04.818 [info] > git for-each-ref --sort -committerdate --format %(refname)%00%(objectname)%00%(*objectname) [0ms]
